Component: ARM Compiler 5.06 update 7 (build 960) Tool: armlink [4d3601]

==============================================================================

Section Cross References

    startup_stm32l4s5xx.o(RESET) refers to startup_stm32l4s5xx.o(STACK) for __initial_sp
    startup_stm32l4s5xx.o(RESET) refers to startup_stm32l4s5xx.o(.text) for Reset_Handler
    startup_stm32l4s5xx.o(RESET) refers to stm32l4xx_it.o(i.NMI_Handler) for NMI_Handler
    startup_stm32l4s5xx.o(RESET) refers to stm32l4xx_it.o(i.HardFault_Handler) for HardFault_Handler
    startup_stm32l4s5xx.o(RESET) refers to stm32l4xx_it.o(i.MemManage_Handler) for MemManage_Handler
    startup_stm32l4s5xx.o(RESET) refers to stm32l4xx_it.o(i.BusFault_Handler) for BusFault_Handler
    startup_stm32l4s5xx.o(RESET) refers to stm32l4xx_it.o(i.UsageFault_Handler) for UsageFault_Handler
    startup_stm32l4s5xx.o(RESET) refers to stm32l4xx_it.o(i.SVC_Handler) for SVC_Handler
    startup_stm32l4s5xx.o(RESET) refers to stm32l4xx_it.o(i.DebugMon_Handler) for DebugMon_Handler
    startup_stm32l4s5xx.o(RESET) refers to stm32l4xx_it.o(i.PendSV_Handler) for PendSV_Handler
    startup_stm32l4s5xx.o(RESET) refers to stm32l4xx_it.o(i.SysTick_Handler) for SysTick_Handler
    startup_stm32l4s5xx.o(RESET) refers to stm32l4xx_it.o(i.USART1_IRQHandler) for USART1_IRQHandler
    startup_stm32l4s5xx.o(.text) refers to system_stm32l4xx.o(i.SystemInit) for SystemInit
    startup_stm32l4s5xx.o(.text) refers to entry.o(.ARM.Collect$$$$00000000) for __main
    main.o(i.SystemClock_Config) refers to memseta.o(.text) for __aeabi_memclr4
    main.o(i.SystemClock_Config) refers to stm32l4xx_hal_pwr_ex.o(i.HAL_PWREx_ControlVoltageScaling) for HAL_PWREx_ControlVoltageScaling
    main.o(i.SystemClock_Config) refers to stm32l4xx_hal_rcc.o(i.HAL_RCC_OscConfig) for HAL_RCC_OscConfig
    main.o(i.SystemClock_Config) refers to stm32l4xx_hal_rcc.o(i.HAL_RCC_ClockConfig) for HAL_RCC_ClockConfig
    main.o(i.SystemClock_Config) refers to stm32l4xx_hal_rcc_ex.o(i.HAL_RCCEx_PeriphCLKConfig) for HAL_RCCEx_PeriphCLKConfig
    main.o(i.main) refers to stm32l4xx_hal.o(i.HAL_Init) for HAL_Init
    main.o(i.main) refers to main.o(i.SystemClock_Config) for SystemClock_Config
    main.o(i.main) refers to gpio.o(i.MX_GPIO_Init) for MX_GPIO_Init
    main.o(i.main) refers to sdmmc.o(i.MX_SDMMC1_SD_Init) for MX_SDMMC1_SD_Init
    main.o(i.main) refers to fatfs.o(i.MX_FATFS_Init) for MX_FATFS_Init
    main.o(i.main) refers to usart.o(i.MX_USART1_UART_Init) for MX_USART1_UART_Init
    gpio.o(i.MX_GPIO_Init) refers to memseta.o(.text) for __aeabi_memclr4
    gpio.o(i.MX_GPIO_Init) refers to stm32l4xx_hal_gpio.o(i.HAL_GPIO_Init) for HAL_GPIO_Init
    sdmmc.o(i.HAL_SD_MspDeInit) refers to stm32l4xx_hal_gpio.o(i.HAL_GPIO_DeInit) for HAL_GPIO_DeInit
    sdmmc.o(i.HAL_SD_MspInit) refers to memseta.o(.text) for __aeabi_memclr4
    sdmmc.o(i.HAL_SD_MspInit) refers to stm32l4xx_hal_gpio.o(i.HAL_GPIO_Init) for HAL_GPIO_Init
    sdmmc.o(i.MX_SDMMC1_SD_Init) refers to sdmmc.o(.bss) for .bss
    usart.o(i.HAL_UART_MspDeInit) refers to stm32l4xx_hal_gpio.o(i.HAL_GPIO_DeInit) for HAL_GPIO_DeInit
    usart.o(i.HAL_UART_MspDeInit) refers to stm32l4xx_hal_cortex.o(i.HAL_NVIC_DisableIRQ) for HAL_NVIC_DisableIRQ
    usart.o(i.HAL_UART_MspInit) refers to memseta.o(.text) for __aeabi_memclr4
    usart.o(i.HAL_UART_MspInit) refers to stm32l4xx_hal_gpio.o(i.HAL_GPIO_Init) for HAL_GPIO_Init
    usart.o(i.HAL_UART_MspInit) refers to stm32l4xx_hal_cortex.o(i.HAL_NVIC_SetPriority) for HAL_NVIC_SetPriority
    usart.o(i.HAL_UART_MspInit) refers to stm32l4xx_hal_cortex.o(i.HAL_NVIC_EnableIRQ) for HAL_NVIC_EnableIRQ
    usart.o(i.MX_USART1_UART_Init) refers to stm32l4xx_hal_uart.o(i.HAL_UART_Init) for HAL_UART_Init
    usart.o(i.MX_USART1_UART_Init) refers to main.o(i.Error_Handler) for Error_Handler
    usart.o(i.MX_USART1_UART_Init) refers to stm32l4xx_hal_uart_ex.o(i.HAL_UARTEx_SetTxFifoThreshold) for HAL_UARTEx_SetTxFifoThreshold
    usart.o(i.MX_USART1_UART_Init) refers to stm32l4xx_hal_uart_ex.o(i.HAL_UARTEx_SetRxFifoThreshold) for HAL_UARTEx_SetRxFifoThreshold
    usart.o(i.MX_USART1_UART_Init) refers to stm32l4xx_hal_uart_ex.o(i.HAL_UARTEx_DisableFifoMode) for HAL_UARTEx_DisableFifoMode
    usart.o(i.MX_USART1_UART_Init) refers to usart.o(.bss) for .bss
    stm32l4xx_it.o(i.SysTick_Handler) refers to stm32l4xx_hal.o(i.HAL_IncTick) for HAL_IncTick
    stm32l4xx_it.o(i.USART1_IRQHandler) refers to stm32l4xx_hal_uart.o(i.HAL_UART_IRQHandler) for HAL_UART_IRQHandler
    stm32l4xx_it.o(i.USART1_IRQHandler) refers to usart.o(.bss) for huart1
    bsp_driver_sd.o(i.BSP_SD_Erase) refers to stm32l4xx_hal_sd.o(i.HAL_SD_Erase) for HAL_SD_Erase
    bsp_driver_sd.o(i.BSP_SD_Erase) refers to sdmmc.o(.bss) for hsd1
    bsp_driver_sd.o(i.BSP_SD_GetCardInfo) refers to stm32l4xx_hal_sd.o(i.HAL_SD_GetCardInfo) for HAL_SD_GetCardInfo
    bsp_driver_sd.o(i.BSP_SD_GetCardInfo) refers to sdmmc.o(.bss) for hsd1
[...]
    Removing diskio.o(i.disk_read), (28 bytes).
    Removing diskio.o(i.disk_status), (24 bytes).
    Removing diskio.o(i.disk_write), (28 bytes).
    Removing diskio.o(i.get_fattime), (4 bytes).
    Removing ff.o(.rev16_text), (4 bytes).
    Removing ff.o(.revsh_text), (4 bytes).
    Removing ff.o(.rrx_text), (6 bytes).
    Removing ff.o(i.check_fs), (112 bytes).
    Removing ff.o(i.chk_lock), (92 bytes).
    Removing ff.o(i.clear_lock), (32 bytes).
    Removing ff.o(i.clmt_clust), (38 bytes).
    Removing ff.o(i.clust2sect), (24 bytes).
    Removing ff.o(i.create_chain), (164 bytes).
    Removing ff.o(i.create_name), (188 bytes).
    Removing ff.o(i.dec_lock), (52 bytes).
    Removing ff.o(i.dir_find), (100 bytes).
    Removing ff.o(i.dir_next), (258 bytes).
    Removing ff.o(i.dir_read), (96 bytes).
    Removing ff.o(i.dir_register), (102 bytes).
    Removing ff.o(i.dir_remove), (30 bytes).
    Removing ff.o(i.dir_sdi), (142 bytes).
    Removing ff.o(i.f_close), (40 bytes).
    Removing ff.o(i.f_closedir), (34 bytes).
    Removing ff.o(i.f_getfree), (212 bytes).
    Removing ff.o(i.f_gets), (72 bytes).
    Removing ff.o(i.f_lseek), (576 bytes).
    Removing ff.o(i.f_mkdir), (342 bytes).
    Removing ff.o(i.f_mkfs), (1414 bytes).
    Removing ff.o(i.f_mount), (88 bytes).
    Removing ff.o(i.f_open), (540 bytes).
    Removing ff.o(i.f_opendir), (130 bytes).
    Removing ff.o(i.f_printf), (460 bytes).
    Removing ff.o(i.f_putc), (30 bytes).
    Removing ff.o(i.f_puts), (38 bytes).
    Removing ff.o(i.f_read), (380 bytes).
    Removing ff.o(i.f_readdir), (64 bytes).
    Removing ff.o(i.f_rename), (258 bytes).
    Removing ff.o(i.f_stat), (60 bytes).
    Removing ff.o(i.f_sync), (142 bytes).
    Removing ff.o(i.f_truncate), (162 bytes).
    Removing ff.o(i.f_unlink), (158 bytes).
    Removing ff.o(i.f_write), (440 bytes).
    Removing ff.o(i.find_volume), (648 bytes).
    Removing ff.o(i.follow_path), (122 bytes).
    Removing ff.o(i.get_fat), (232 bytes).
    Removing ff.o(i.get_fileinfo), (98 bytes).
    Removing ff.o(i.get_ldnumber), (60 bytes).
    Removing ff.o(i.inc_lock), (128 bytes).
    Removing ff.o(i.ld_clust), (38 bytes).
    Removing ff.o(i.ld_dword), (22 bytes).
    Removing ff.o(i.ld_word), (10 bytes).
    Removing ff.o(i.mem_cpy), (18 bytes).
    Removing ff.o(i.mem_set), (14 bytes).
    Removing ff.o(i.move_window), (50 bytes).
    Removing ff.o(i.put_fat), (292 bytes).
    Removing ff.o(i.putc_bfd), (70 bytes).
    Removing ff.o(i.putc_flush), (42 bytes).
    Removing ff.o(i.remove_chain), (116 bytes).
    Removing ff.o(i.st_clust), (40 bytes).
    Removing ff.o(i.st_dword), (16 bytes).
    Removing ff.o(i.st_word), (8 bytes).
    Removing ff.o(i.sync_fs), (136 bytes).
    Removing ff.o(i.sync_window), (82 bytes).
    Removing ff.o(i.validate), (52 bytes).
    Removing ff.o(.bss), (32 bytes).
    Removing ff.o(.constdata), (156 bytes).
    Removing ff.o(.data), (8 bytes).
    Removing ff_gen_drv.o(.rev16_text), (4 bytes).
    Removing ff_gen_drv.o(.revsh_text), (4 bytes).
    Removing ff_gen_drv.o(.rrx_text), (6 bytes).
    Removing ff_gen_drv.o(i.FATFS_GetAttachedDriversNbr), (12 bytes).
    Removing ff_gen_drv.o(i.FATFS_UnLinkDriver), (6 bytes).
    Removing ff_gen_drv.o(i.FATFS_UnLinkDriverEx), (52 bytes).
    Removing syscall.o(.rev16_text), (4 bytes).
    Removing syscall.o(.revsh_text), (4 bytes).
    Removing syscall.o(.rrx_text), (6 bytes).

584 unused section(s) (total 53754 bytes) removed from the image.

==============================================================================

Image Symbol Table

    Local Symbols

    Symbol Name                              Value     Ov Type        Size  Object(Section)

    ../Core/Src/gpio.c                       0x00000000   Number         0  gpio.o ABSOLUTE
    ../Core/Src/main.c                       0x00000000   Number         0  main.o ABSOLUTE
    ../Core/Src/sdmmc.c                      0x00000000   Number         0  sdmmc.o ABSOLUTE
    ../Core/Src/stm32l4xx_hal_msp.c          0x00000000   Number         0  stm32l4xx_hal_msp.o ABSOLUTE
    ../Core/Src/stm32l4xx_it.c               0x00000000   Number         0  stm32l4xx_it.o ABSOLUTE
    ../Core/Src/system_stm32l4xx.c           0x00000000   Number         0  system_stm32l4xx.o ABSOLUTE
    ../Core/Src/usart.c                      0x00000000   Number         0  usart.o ABSOLUTE
    ../Drivers/STM32L4xx_HAL_Driver/Src/stm32l4xx_hal.c 0x00000000   Number         0  stm32l4xx_hal.o ABSOLUTE
    ../Drivers/STM32L4xx_HAL_Driver/Src/stm32l4xx_hal_cortex.c 0x00000000   Number         0  stm32l4xx_hal_cortex.o ABSOLUTE
    ../Drivers/STM32L4xx_HAL_Driver/Src/stm32l4xx_hal_dma.c 0x00000000   Number         0  stm32l4xx_hal_dma.o ABSOLUTE
    ../Drivers/STM32L4xx_HAL_Driver/Src/stm32l4xx_hal_dma_ex.c 0x00000000   Number         0  stm32l4xx_hal_dma_ex.o ABSOLUTE
    ../Drivers/STM32L4xx_HAL_Driver/Src/stm32l4xx_hal_exti.c 0x00000000   Number         0  stm32l4xx_hal_exti.o ABSOLUTE
    ../Drivers/STM32L4xx_HAL_Driver/Src/stm32l4xx_hal_flash.c 0x00000000   Number         0  stm32l4xx_hal_flash.o ABSOLUTE
    ../Drivers/STM32L4xx_HAL_Driver/Src/stm32l4xx_hal_flash_ex.c 0x00000000   Number         0  stm32l4xx_hal_flash_ex.o ABSOLUTE
    ../Drivers/STM32L4xx_HAL_Driver/Src/stm32l4xx_hal_flash_ramfunc.c 0x00000000   Number         0  stm32l4xx_hal_flash_ramfunc.o ABSOLUTE
    ../Drivers/STM32L4xx_HAL_Driver/Src/stm32l4xx_hal_gpio.c 0x00000000   Number         0  stm32l4xx_hal_gpio.o ABSOLUTE
    ../Drivers/STM32L4xx_HAL_Driver/Src/stm32l4xx_hal_i2c.c 0x00000000   Number         0  stm32l4xx_hal_i2c.o ABSOLUTE
    ../Drivers/STM32L4xx_HAL_Driver/Src/stm32l4xx_hal_i2c_ex.c 0x00000000   Number         0  stm32l4xx_hal_i2c_ex.o ABSOLUTE
    ../Drivers/STM32L4xx_HAL_Driver/Src/stm32l4xx_hal_pwr.c 0x00000000   Number         0  stm32l4xx_hal_pwr.o ABSOLUTE
    ../Drivers/STM32L4xx_HAL_Driver/Src/stm32l4xx_hal_pwr_ex.c 0x00000000   Number         0  stm32l4xx_hal_pwr_ex.o ABSOLUTE
    ../Drivers/STM32L4xx_HAL_Driver/Src/stm32l4xx_hal_rcc.c 0x00000000   Number         0  stm32l4xx_hal_rcc.o ABSOLUTE
    ../Drivers/STM32L4xx_HAL_Driver/Src/stm32l4xx_hal_rcc_ex.c 0x00000000   Number         0  stm32l4xx_hal_rcc_ex.o ABSOLUTE
    ../Drivers/STM32L4xx_HAL_Driver/Src/stm32l4xx_hal_sd.c 0x00000000   Number         0  stm32l4xx_hal_sd.o ABSOLUTE
    ../Drivers/STM32L4xx_HAL_Driver/Src/stm32l4xx_hal_sd_ex.c 0x00000000   Number         0  stm32l4xx_hal_sd_ex.o ABSOLUTE
    ../Drivers/STM32L4xx_HAL_Driver/Src/stm32l4xx_hal_tim.c 0x00000000   Number         0  stm32l4xx_hal_tim.o ABSOLUTE
    ../Drivers/STM32L4xx_HAL_Driver/Src/stm32l4xx_hal_tim_ex.c 0x00000000   Number         0  stm32l4xx_hal_tim_ex.o ABSOLUTE
    ../Drivers/STM32L4xx_HAL_Driver/Src/stm32l4xx_hal_uart.c 0x00000000   Number         0  stm32l4xx_hal_uart.o ABSOLUTE
    ../Drivers/STM32L4xx_HAL_Driver/Src/stm32l4xx_hal_uart_ex.c 0x00000000   Number         0  stm32l4xx_hal_uart_ex.o ABSOLUTE
    ../Drivers/STM32L4xx_HAL_Driver/Src/stm32l4xx_ll_sdmmc.c 0x00000000   Number         0  stm32l4xx_ll_sdmmc.o ABSOLUTE
    ../FATFS/App/fatfs.c                     0x00000000   Number         0  fatfs.o ABSOLUTE
    ../FATFS/Target/bsp_driver_sd.c          0x00000000   Number         0  bsp_driver_sd.o ABSOLUTE
    ../FATFS/Target/fatfs_platform.c         0x00000000   Number         0  fatfs_platform.o ABSOLUTE
    ../FATFS/Target/sd_diskio.c              0x00000000   Number         0  sd_diskio.o ABSOLUTE
    ../Middlewares/Third_Party/FatFs/src/diskio.c 0x00000000   Number         0  diskio.o ABSOLUTE
    ../Middlewares/Third_Party/FatFs/src/ff.c 0x00000000   Number         0  ff.o ABSOLUTE
    ../Middlewares/Third_Party/FatFs/src/ff_gen_drv.c 0x00000000   Number         0  ff_gen_drv.o ABSOLUTE
    ../Middlewares/Third_Party/FatFs/src/option/syscall.c 0x00000000   Number         0  syscall.o ABSOLUTE
    ../clib/microlib/division.c              0x00000000   Number         0  uldiv.o ABSOLUTE
    ../clib/microlib/init/entry.s            0x00000000   Number         0  entry11a.o ABSOLUTE
    ../clib/microlib/init/entry.s            0x00000000   Number         0  entry10b.o ABSOLUTE
    ../clib/microlib/init/entry.s            0x00000000   Number         0  entry10a.o ABSOLUTE
    ../clib/microlib/init/entry.s            0x00000000   Number         0  entry9b.o ABSOLUTE
    ../clib/microlib/init/entry.s            0x00000000   Number         0  entry8b.o ABSOLUTE
    ../clib/microlib/init/entry.s            0x00000000   Number         0  entry8a.o ABSOLUTE
    ../clib/microlib/init/entry.s            0x00000000   Number         0  entry7b.o ABSOLUTE
    ../clib/microlib/init/entry.s            0x00000000   Number         0  entry7a.o ABSOLUTE
    ../clib/microlib/init/entry.s            0x00000000   Number         0  entry5.o ABSOLUTE
    ../clib/microlib/init/entry.s            0x00000000   Number         0  entry.o ABSOLUTE
    ../clib/microlib/init/entry.s            0x00000000   Number         0  entry2.o ABSOLUTE
    ../clib/microlib/init/entry.s            0x00000000   Number         0  entry9a.o ABSOLUTE
    ../clib/microlib/init/entry.s            0x00000000   Number         0  entry12b.o ABSOLUTE
    ../clib/microlib/init/entry.s            0x00000000   Number         0  entry12a.o ABSOLUTE
    ../clib/microlib/init/entry.s            0x00000000   Number         0  entry11b.o ABSOLUTE
    ../clib/microlib/longlong.c              0x00000000   Number         0  llshl.o ABSOLUTE
    ../clib/microlib/longlong.c              0x00000000   Number         0  llushr.o ABSOLUTE
    ../clib/microlib/string/memset.c         0x00000000   Number         0  memseta.o ABSOLUTE
    ..\Core\Src\gpio.c                       0x00000000   Number         0  gpio.o ABSOLUTE
    ..\Core\Src\main.c                       0x00000000   Number         0  main.o ABSOLUTE
    ..\Core\Src\sdmmc.c                      0x00000000   Number         0  sdmmc.o ABSOLUTE
    ..\Core\Src\stm32l4xx_hal_msp.c          0x00000000   Number         0  stm32l4xx_hal_msp.o ABSOLUTE
    ..\Core\Src\stm32l4xx_it.c               0x00000000   Number         0  stm32l4xx_it.o ABSOLUTE
    ..\Core\Src\system_stm32l4xx.c           0x00000000   Number         0  system_stm32l4xx.o ABSOLUTE
    ..\Core\Src\usart.c                      0x00000000   Number         0  usart.o ABSOLUTE
    ..\Drivers\STM32L4xx_HAL_Driver\Src\stm32l4xx_hal.c 0x00000000   Number         0  stm32l4xx_hal.o ABSOLUTE
    ..\Drivers\STM32L4xx_HAL_Driver\Src\stm32l4xx_hal_cortex.c 0x00000000   Number         0  stm32l4xx_hal_cortex.o ABSOLUTE
    ..\Drivers\STM32L4xx_HAL_Driver\Src\stm32l4xx_hal_dma.c 0x00000000   Number         0  stm32l4xx_hal_dma.o ABSOLUTE
    ..\Drivers\STM32L4xx_HAL_Driver\Src\stm32l4xx_hal_dma_ex.c 0x00000000   Number         0  stm32l4xx_hal_dma_ex.o ABSOLUTE
    ..\Drivers\STM32L4xx_HAL_Driver\Src\stm32l4xx_hal_exti.c 0x00000000   Number         0  stm32l4xx_hal_exti.o ABSOLUTE
    ..\Drivers\STM32L4xx_HAL_Driver\Src\stm32l4xx_hal_flash.c 0x00000000   Number         0  stm32l4xx_hal_flash.o ABSOLUTE
    ..\Drivers\STM32L4xx_HAL_Driver\Src\stm32l4xx_hal_flash_ex.c 0x00000000   Number         0  stm32l4xx_hal_flash_ex.o ABSOLUTE
    ..\Drivers\STM32L4xx_HAL_Driver\Src\stm32l4xx_hal_flash_ramfunc.c 0x00000000   Number         0  stm32l4xx_hal_flash_ramfunc.o ABSOLUTE
    ..\Drivers\STM32L4xx_HAL_Driver\Src\stm32l4xx_hal_gpio.c 0x00000000   Number         0  stm32l4xx_hal_gpio.o ABSOLUTE
    ..\Drivers\STM32L4xx_HAL_Driver\Src\stm32l4xx_hal_i2c.c 0x00000000   Number         0  stm32l4xx_hal_i2c.o ABSOLUTE
    ..\Drivers\STM32L4xx_HAL_Driver\Src\stm32l4xx_hal_i2c_ex.c 0x00000000   Number         0  stm32l4xx_hal_i2c_ex.o ABSOLUTE
    ..\Drivers\STM32L4xx_HAL_Driver\Src\stm32l4xx_hal_pwr.c 0x00000000   Number         0  stm32l4xx_hal_pwr.o ABSOLUTE
    ..\Drivers\STM32L4xx_HAL_Driver\Src\stm32l4xx_hal_pwr_ex.c 0x00000000   Number         0  stm32l4xx_hal_pwr_ex.o ABSOLUTE
    ..\Drivers\STM32L4xx_HAL_Driver\Src\stm32l4xx_hal_rcc.c 0x00000000   Number         0  stm32l4xx_hal_rcc.o ABSOLUTE
    ..\Drivers\STM32L4xx_HAL_Driver\Src\stm32l4xx_hal_rcc_ex.c 0x00000000   Number         0  stm32l4xx_hal_rcc_ex.o ABSOLUTE
    ..\Drivers\STM32L4xx_HAL_Driver\Src\stm32l4xx_hal_sd.c 0x00000000   Number         0  stm32l4xx_hal_sd.o ABSOLUTE
    ..\Drivers\STM32L4xx_HAL_Driver\Src\stm32l4xx_hal_sd_ex.c 0x00000000   Number         0  stm32l4xx_hal_sd_ex.o ABSOLUTE
    ..\Drivers\STM32L4xx_HAL_Driver\Src\stm32l4xx_hal_tim.c 0x00000000   Number         0  stm32l4xx_hal_tim.o ABSOLUTE
    ..\Drivers\STM32L4xx_HAL_Driver\Src\stm32l4xx_hal_tim_ex.c 0x00000000   Number         0  stm32l4xx_hal_tim_ex.o ABSOLUTE
    ..\Drivers\STM32L4xx_HAL_Driver\Src\stm32l4xx_hal_uart.c 0x00000000   Number         0  stm32l4xx_hal_uart.o ABSOLUTE
    ..\Drivers\STM32L4xx_HAL_Driver\Src\stm32l4xx_hal_uart_ex.c 0x00000000   Number         0  stm32l4xx_hal_uart_ex.o ABSOLUTE
    ..\Drivers\STM32L4xx_HAL_Driver\Src\stm32l4xx_ll_sdmmc.c 0x00000000   Number         0  stm32l4xx_ll_sdmmc.o ABSOLUTE
    ..\FATFS\App\fatfs.c                     0x00000000   Number         0  fatfs.o ABSOLUTE
    ..\FATFS\Target\bsp_driver_sd.c          0x00000000   Number         0  bsp_driver_sd.o ABSOLUTE
    ..\FATFS\Target\fatfs_platform.c         0x00000000   Number         0  fatfs_platform.o ABSOLUTE
    ..\FATFS\Target\sd_diskio.c              0x00000000   Number         0  sd_diskio.o ABSOLUTE
    ..\Middlewares\Third_Party\FatFs\src\diskio.c 0x00000000   Number         0  diskio.o ABSOLUTE
    ..\Middlewares\Third_Party\FatFs\src\ff.c 0x00000000   Number         0  ff.o ABSOLUTE
    ..\Middlewares\Third_Party\FatFs\src\ff_gen_drv.c 0x00000000   Number         0  ff_gen_drv.o ABSOLUTE
    ..\Middlewares\Third_Party\FatFs\src\option\syscall.c 0x00000000   Number         0  syscall.o ABSOLUTE
    dc.s                                     0x00000000   Number         0  dc.o ABSOLUTE
    handlers.s                               0x00000000   Number         0  handlers.o ABSOLUTE
    init.s                                   0x00000000   Number         0  init.o ABSOLUTE
    startup_stm32l4s5xx.s                    0x00000000   Number         0  startup_stm32l4s5xx.o ABSOLUTE
    RESET                                    0x08000000   Section      444  startup_stm32l4s5xx.o(RESET)
    .ARM.Collect$$$$00000000                 0x080001bc   Section        0  entry.o(.ARM.Collect$$$$00000000)
    .ARM.Collect$$$$00000001                 0x080001bc   Section        4  entry2.o(.ARM.Collect$$$$00000001)
    .ARM.Collect$$$$00000004                 0x080001c0   Section        4  entry5.o(.ARM.Collect$$$$00000004)
    .ARM.Collect$$$$00000008                 0x080001c4   Section        0  entry7b.o(.ARM.Collect$$$$00000008)
    .ARM.Collect$$$$0000000A                 0x080001c4   Section        0  entry8b.o(.ARM.Collect$$$$0000000A)
    .ARM.Collect$$$$0000000B                 0x080001c4   Section        8  entry9a.o(.ARM.Collect$$$$0000000B)
    .ARM.Collect$$$$0000000E                 0x080001cc   Section        4  entry12b.o(.ARM.Collect$$$$0000000E)
    .ARM.Collect$$$$0000000F                 0x080001d0   Section        0  entry10a.o(.ARM.Collect$$$$0000000F)
    .ARM.Collect$$$$00000011                 0x080001d0   Section        0  entry11a.o(.ARM.Collect$$$$00000011)
    .ARM.Collect$$$$00002712                 0x080001d0   Section        4  entry2.o(.ARM.Collect$$$$00002712)
    __lit__00000000                          0x080001d0   Data           4  entry2.o(.ARM.Collect$$$$00002712)
    .text                                    0x080001d4   Section       36  startup_stm32l4s5xx.o(.text)
    $v0                                      0x080001d4   Number         0  startup_stm32l4s5xx.o(.text)
    .text                                    0x080001f8   Section        0  uldiv.o(.text)
    .text                                    0x08000260   Section        0  memseta.o(.text)
    .text                                    0x08000284   Section        0  llshl.o(.text)
    .text                                    0x080002a2   Section        0  llushr.o(.text)
    .text                                    0x080002c4   Section       36  init.o(.text)
    i.BSP_PlatformIsDetected                 0x080002e8   Section        0  fatfs_platform.o(i.BSP_PlatformIsDetected)
    i.BSP_SD_AbortCallback                   0x08000300   Section        0  bsp_driver_sd.o(i.BSP_SD_AbortCallback)
    i.BSP_SD_GetCardInfo                     0x08000304   Section        0  bsp_driver_sd.o(i.BSP_SD_GetCardInfo)
    i.BSP_SD_GetCardState                    0x08000310   Section        0  bsp_driver_sd.o(i.BSP_SD_GetCardState)
    i.BSP_SD_Init                            0x08000328   Section        0  bsp_driver_sd.o(i.BSP_SD_Init)
    i.BSP_SD_IsDetected                      0x08000358   Section        0  bsp_driver_sd.o(i.BSP_SD_IsDetected)
    i.BSP_SD_ReadBlocks                      0x08000374   Section        0  bsp_driver_sd.o(i.BSP_SD_ReadBlocks)
    i.BSP_SD_ReadCpltCallback                0x08000394   Section        0  bsp_driver_sd.o(i.BSP_SD_ReadCpltCallback)
    i.BSP_SD_WriteBlocks                     0x08000398   Section        0  bsp_driver_sd.o(i.BSP_SD_WriteBlocks)
    i.BSP_SD_WriteCpltCallback               0x080003b8   Section        0  bsp_driver_sd.o(i.BSP_SD_WriteCpltCallback)
    i.BusFault_Handler                       0x080003ba   Section        0  stm32l4xx_it.o(i.BusFault_Handler)
    i.DebugMon_Handler                       0x080003bc   Section        0  stm32l4xx_it.o(i.DebugMon_Handler)
    i.Error_Handler                          0x080003be   Section        0  main.o(i.Error_Handler)
    i.FATFS_LinkDriver                       0x080003c2   Section        0  ff_gen_drv.o(i.FATFS_LinkDriver)
    i.FATFS_LinkDriverEx                     0x080003c8   Section        0  ff_gen_drv.o(i.FATFS_LinkDriverEx)
    i.HAL_DMA_Abort                          0x08000408   Section        0  stm32l4xx_hal_dma.o(i.HAL_DMA_Abort)
    i.HAL_DMA_Abort_IT                       0x08000474   Section        0  stm32l4xx_hal_dma.o(i.HAL_DMA_Abort_IT)
    i.HAL_Delay                              0x080004e4   Section        0  stm32l4xx_hal.o(i.HAL_Delay)
    i.HAL_GPIO_Init                          0x08000508   Section        0  stm32l4xx_hal_gpio.o(i.HAL_GPIO_Init)
    i.HAL_GPIO_ReadPin                       0x080006f2   Section        0  stm32l4xx_hal_gpio.o(i.HAL_GPIO_ReadPin)
    i.HAL_GetTick                            0x080006fc   Section        0  stm32l4xx_hal.o(i.HAL_GetTick)
    i.HAL_IncTick                            0x08000708   Section        0  stm32l4xx_hal.o(i.HAL_IncTick)
    i.HAL_Init                               0x08000718   Section        0  stm32l4xx_hal.o(i.HAL_Init)
    i.HAL_InitTick                           0x08000738   Section        0  stm32l4xx_hal.o(i.HAL_InitTick)
    i.HAL_MspInit                            0x0800077c   Section        0  stm32l4xx_hal_msp.o(i.HAL_MspInit)
    i.HAL_NVIC_EnableIRQ                     0x080007a8   Section        0  stm32l4xx_hal_cortex.o(i.HAL_NVIC_EnableIRQ)
    i.HAL_NVIC_SetPriority                   0x080007c4   Section        0  stm32l4xx_hal_cortex.o(i.HAL_NVIC_SetPriority)
    i.HAL_NVIC_SetPriorityGrouping           0x08000804   Section        0  stm32l4xx_hal_cortex.o(i.HAL_NVIC_SetPriorityGrouping)
    i.HAL_PWREx_ControlVoltageScaling        0x08000828   Section        0  stm32l4xx_hal_pwr_ex.o(i.HAL_PWREx_ControlVoltageScaling)
    i.HAL_PWREx_GetVoltageRange              0x080008e4   Section        0  stm32l4xx_hal_pwr_ex.o(i.HAL_PWREx_GetVoltageRange)
    i.HAL_RCCEx_GetPeriphCLKFreq             0x0800090c   Section        0  stm32l4xx_hal_rcc_ex.o(i.HAL_RCCEx_GetPeriphCLKFreq)
    i.HAL_RCCEx_PeriphCLKConfig              0x08000d68   Section        0  stm32l4xx_hal_rcc_ex.o(i.HAL_RCCEx_PeriphCLKConfig)
    i.HAL_RCC_ClockConfig                    0x08001188   Section        0  stm32l4xx_hal_rcc.o(i.HAL_RCC_ClockConfig)
    i.HAL_RCC_GetPCLK1Freq                   0x0800130c   Section        0  stm32l4xx_hal_rcc.o(i.HAL_RCC_GetPCLK1Freq)
    i.HAL_RCC_GetPCLK2Freq                   0x08001330   Section        0  stm32l4xx_hal_rcc.o(i.HAL_RCC_GetPCLK2Freq)
    i.HAL_RCC_GetSysClockFreq                0x08001354   Section        0  stm32l4xx_hal_rcc.o(i.HAL_RCC_GetSysClockFreq)
    i.HAL_RCC_OscConfig                      0x080013f8   Section        0  stm32l4xx_hal_rcc.o(i.HAL_RCC_OscConfig)
    i.HAL_SDEx_DriveTransceiver_1_8V_Callback 0x08001970   Section        0  stm32l4xx_hal_sd_ex.o(i.HAL_SDEx_DriveTransceiver_1_8V_Callback)
    i.HAL_SDEx_Read_DMADoubleBuffer0CpltCallback 0x08001972   Section        0  stm32l4xx_hal_sd_ex.o(i.HAL_SDEx_Read_DMADoubleBuffer0CpltCallback)
    i.HAL_SDEx_Read_DMADoubleBuffer1CpltCallback 0x08001974   Section        0  stm32l4xx_hal_sd_ex.o(i.HAL_SDEx_Read_DMADoubleBuffer1CpltCallback)
    i.HAL_SDEx_Write_DMADoubleBuffer0CpltCallback 0x08001976   Section        0  stm32l4xx_hal_sd_ex.o(i.HAL_SDEx_Write_DMADoubleBuffer0CpltCallback)
    i.HAL_SDEx_Write_DMADoubleBuffer1CpltCallback 0x08001978   Section        0  stm32l4xx_hal_sd_ex.o(i.HAL_SDEx_Write_DMADoubleBuffer1CpltCallback)
    i.HAL_SD_AbortCallback                   0x0800197a   Section        0  bsp_driver_sd.o(i.HAL_SD_AbortCallback)
    i.HAL_SD_ConfigWideBusOperation          0x08001984   Section        0  stm32l4xx_hal_sd.o(i.HAL_SD_ConfigWideBusOperation)
    i.HAL_SD_ErrorCallback                   0x08001b16   Section        0  stm32l4xx_hal_sd.o(i.HAL_SD_ErrorCallback)
    i.HAL_SD_GetCardCSD                      0x08001b18   Section        0  stm32l4xx_hal_sd.o(i.HAL_SD_GetCardCSD)
    i.HAL_SD_GetCardInfo                     0x08001cb0   Section        0  stm32l4xx_hal_sd.o(i.HAL_SD_GetCardInfo)
    i.HAL_SD_GetCardState                    0x08001cd4   Section        0  stm32l4xx_hal_sd.o(i.HAL_SD_GetCardState)
    i.HAL_SD_GetCardStatus                   0x08001d00   Section        0  stm32l4xx_hal_sd.o(i.HAL_SD_GetCardStatus)
    i.HAL_SD_Init                            0x08001dbc   Section        0  stm32l4xx_hal_sd.o(i.HAL_SD_Init)
    i.HAL_SD_InitCard                        0x08001ec4   Section        0  stm32l4xx_hal_sd.o(i.HAL_SD_InitCard)
    i.HAL_SD_MspInit                         0x08001f8c   Section        0  sdmmc.o(i.HAL_SD_MspInit)
    i.HAL_SD_ReadBlocks                      0x0800204c   Section        0  stm32l4xx_hal_sd.o(i.HAL_SD_ReadBlocks)
    i.HAL_SD_RxCpltCallback                  0x080021f6   Section        0  bsp_driver_sd.o(i.HAL_SD_RxCpltCallback)
    i.HAL_SD_TxCpltCallback                  0x080021fe   Section        0  bsp_driver_sd.o(i.HAL_SD_TxCpltCallback)
    i.HAL_SD_WriteBlocks                     0x08002208   Section        0  stm32l4xx_hal_sd.o(i.HAL_SD_WriteBlocks)
    i.HAL_SYSTICK_Config                     0x080023ca   Section        0  stm32l4xx_hal_cortex.o(i.HAL_SYSTICK_Config)
    i.HAL_UARTEx_DisableFifoMode             0x080023f2   Section        0  stm32l4xx_hal_uart_ex.o(i.HAL_UARTEx_DisableFifoMode)
    i.HAL_UARTEx_RxEventCallback             0x08002430   Section        0  stm32l4xx_hal_uart.o(i.HAL_UARTEx_RxEventCallback)
    i.HAL_UARTEx_RxFifoFullCallback          0x08002432   Section        0  stm32l4xx_hal_uart_ex.o(i.HAL_UARTEx_RxFifoFullCallback)
    i.HAL_UARTEx_SetRxFifoThreshold          0x08002434   Section        0  stm32l4xx_hal_uart_ex.o(i.HAL_UARTEx_SetRxFifoThreshold)
    i.HAL_UARTEx_SetTxFifoThreshold          0x08002480   Section        0  stm32l4xx_hal_uart_ex.o(i.HAL_UARTEx_SetTxFifoThreshold)
    i.HAL_UARTEx_TxFifoEmptyCallback         0x080024cc   Section        0  stm32l4xx_hal_uart_ex.o(i.HAL_UARTEx_TxFifoEmptyCallback)
    i.HAL_UARTEx_WakeupCallback              0x080024ce   Section        0  stm32l4xx_hal_uart_ex.o(i.HAL_UARTEx_WakeupCallback)
    i.HAL_UART_AbortCpltCallback             0x080024d0   Section        0  stm32l4xx_hal_uart.o(i.HAL_UART_AbortCpltCallback)
    i.HAL_UART_AbortReceiveCpltCallback      0x080024d2   Section        0  stm32l4xx_hal_uart.o(i.HAL_UART_AbortReceiveCpltCallback)
    i.HAL_UART_AbortTransmitCpltCallback     0x080024d4   Section        0  stm32l4xx_hal_uart.o(i.HAL_UART_AbortTransmitCpltCallback)
    i.HAL_UART_ErrorCallback                 0x080024d6   Section        0  stm32l4xx_hal_uart.o(i.HAL_UART_ErrorCallback)
    i.HAL_UART_IRQHandler                    0x080024d8   Section        0  stm32l4xx_hal_uart.o(i.HAL_UART_IRQHandler)
    i.HAL_UART_Init                          0x08002754   Section        0  stm32l4xx_hal_uart.o(i.HAL_UART_Init)
    i.HAL_UART_MspInit                       0x080027d4   Section        0  usart.o(i.HAL_UART_MspInit)
    i.HAL_UART_RxCpltCallback                0x08002848   Section        0  stm32l4xx_hal_uart.o(i.HAL_UART_RxCpltCallback)
    i.HAL_UART_RxHalfCpltCallback            0x0800284a   Section        0  stm32l4xx_hal_uart.o(i.HAL_UART_RxHalfCpltCallback)
    i.HAL_UART_TxCpltCallback                0x0800284c   Section        0  stm32l4xx_hal_uart.o(i.HAL_UART_TxCpltCallback)
    i.HAL_UART_TxHalfCpltCallback            0x0800284e   Section        0  stm32l4xx_hal_uart.o(i.HAL_UART_TxHalfCpltCallback)
    i.HardFault_Handler                      0x08002850   Section        0  stm32l4xx_it.o(i.HardFault_Handler)
    i.MX_FATFS_Init                          0x08002854   Section        0  fatfs.o(i.MX_FATFS_Init)
    i.MX_GPIO_Init                           0x08002870   Section        0  gpio.o(i.MX_GPIO_Init)
    i.MX_SDMMC1_SD_Init                      0x080028ec   Section        0  sdmmc.o(i.MX_SDMMC1_SD_Init)
    i.MX_USART1_UART_Init                    0x08002914   Section        0  usart.o(i.MX_USART1_UART_Init)
    i.MemManage_Handler                      0x0800297c   Section        0  stm32l4xx_it.o(i.MemManage_Handler)
    i.NMI_Handler                            0x0800297e   Section        0  stm32l4xx_it.o(i.NMI_Handler)
    i.PendSV_Handler                         0x08002980   Section        0  stm32l4xx_it.o(i.PendSV_Handler)
    i.RCCEx_GetSAIxPeriphCLKFreq             0x08002984   Section        0  stm32l4xx_hal_rcc_ex.o(i.RCCEx_GetSAIxPeriphCLKFreq)
    RCCEx_GetSAIxPeriphCLKFreq               0x08002985   Thumb Code   254  stm32l4xx_hal_rcc_ex.o(i.RCCEx_GetSAIxPeriphCLKFreq)
    i.RCCEx_PLLSAI1_Config                   0x08002a90   Section        0  stm32l4xx_hal_rcc_ex.o(i.RCCEx_PLLSAI1_Config)
    RCCEx_PLLSAI1_Config                     0x08002a91   Thumb Code   274  stm32l4xx_hal_rcc_ex.o(i.RCCEx_PLLSAI1_Config)
    i.RCCEx_PLLSAI2_Config                   0x08002bb8   Section        0  stm32l4xx_hal_rcc_ex.o(i.RCCEx_PLLSAI2_Config)
    RCCEx_PLLSAI2_Config                     0x08002bb9   Thumb Code   274  stm32l4xx_hal_rcc_ex.o(i.RCCEx_PLLSAI2_Config)
    i.RCC_GetSysClockFreqFromPLLSource       0x08002ce0   Section        0  stm32l4xx_hal_rcc.o(i.RCC_GetSysClockFreqFromPLLSource)
    RCC_GetSysClockFreqFromPLLSource         0x08002ce1   Thumb Code   100  stm32l4xx_hal_rcc.o(i.RCC_GetSysClockFreqFromPLLSource)
    i.RCC_SetFlashLatencyFromMSIRange        0x08002d54   Section        0  stm32l4xx_hal_rcc.o(i.RCC_SetFlashLatencyFromMSIRange)
    RCC_SetFlashLatencyFromMSIRange          0x08002d55   Thumb Code   108  stm32l4xx_hal_rcc.o(i.RCC_SetFlashLatencyFromMSIRange)
    i.SDMMC_CmdAppCommand                    0x08002dc8   Section        0  stm32l4xx_ll_sdmmc.o(i.SDMMC_CmdAppCommand)
    i.SDMMC_CmdAppOperCommand                0x08002dfc   Section        0  stm32l4xx_ll_sdmmc.o(i.SDMMC_CmdAppOperCommand)
    i.SDMMC_CmdBlockLength                   0x08002e2a   Section        0  stm32l4xx_ll_sdmmc.o(i.SDMMC_CmdBlockLength)
    i.SDMMC_CmdBusWidth                      0x08002e5c   Section        0  stm32l4xx_ll_sdmmc.o(i.SDMMC_CmdBusWidth)
    i.SDMMC_CmdGoIdleState                   0x08002e90   Section        0  stm32l4xx_ll_sdmmc.o(i.SDMMC_CmdGoIdleState)
    i.SDMMC_CmdOperCond                      0x08002ee4   Section        0  stm32l4xx_ll_sdmmc.o(i.SDMMC_CmdOperCond)
    i.SDMMC_CmdReadMultiBlock                0x08002f14   Section        0  stm32l4xx_ll_sdmmc.o(i.SDMMC_CmdReadMultiBlock)
    i.SDMMC_CmdReadSingleBlock               0x08002f48   Section        0  stm32l4xx_ll_sdmmc.o(i.SDMMC_CmdReadSingleBlock)
    i.SDMMC_CmdSelDesel                      0x08002f7c   Section        0  stm32l4xx_ll_sdmmc.o(i.SDMMC_CmdSelDesel)
    i.SDMMC_CmdSendCID                       0x08002fb0   Section        0  stm32l4xx_ll_sdmmc.o(i.SDMMC_CmdSendCID)
    i.SDMMC_CmdSendCSD                       0x08002fde   Section        0  stm32l4xx_ll_sdmmc.o(i.SDMMC_CmdSendCSD)
    i.SDMMC_CmdSendSCR                       0x0800300c   Section        0  stm32l4xx_ll_sdmmc.o(i.SDMMC_CmdSendSCR)
    i.SDMMC_CmdSendStatus                    0x0800303e   Section        0  stm32l4xx_ll_sdmmc.o(i.SDMMC_CmdSendStatus)
    i.SDMMC_CmdSetRelAdd                     0x08003072   Section        0  stm32l4xx_ll_sdmmc.o(i.SDMMC_CmdSetRelAdd)
    i.SDMMC_CmdStatusRegister                0x080030a4   Section        0  stm32l4xx_ll_sdmmc.o(i.SDMMC_CmdStatusRegister)
    i.SDMMC_CmdStopTransfer                  0x080030d8   Section        0  stm32l4xx_ll_sdmmc.o(i.SDMMC_CmdStopTransfer)
    i.SDMMC_CmdVoltageSwitch                 0x08003124   Section        0  stm32l4xx_ll_sdmmc.o(i.SDMMC_CmdVoltageSwitch)
    i.SDMMC_CmdWriteMultiBlock               0x08003156   Section        0  stm32l4xx_ll_sdmmc.o(i.SDMMC_CmdWriteMultiBlock)
    i.SDMMC_CmdWriteSingleBlock              0x0800318a   Section        0  stm32l4xx_ll_sdmmc.o(i.SDMMC_CmdWriteSingleBlock)
    i.SDMMC_ConfigData                       0x080031be   Section        0  stm32l4xx_ll_sdmmc.o(i.SDMMC_ConfigData)
    i.SDMMC_GetCmdResp1                      0x080031e4   Section        0  stm32l4xx_ll_sdmmc.o(i.SDMMC_GetCmdResp1)
    i.SDMMC_GetCmdResp2                      0x08003308   Section        0  stm32l4xx_ll_sdmmc.o(i.SDMMC_GetCmdResp2)
    i.SDMMC_GetCmdResp3                      0x0800335c   Section        0  stm32l4xx_ll_sdmmc.o(i.SDMMC_GetCmdResp3)
    i.SDMMC_GetCmdResp6                      0x080033a4   Section        0  stm32l4xx_ll_sdmmc.o(i.SDMMC_GetCmdResp6)
    i.SDMMC_GetCmdResp7                      0x08003430   Section        0  stm32l4xx_ll_sdmmc.o(i.SDMMC_GetCmdResp7)
    i.SDMMC_GetPowerState                    0x08003488   Section        0  stm32l4xx_ll_sdmmc.o(i.SDMMC_GetPowerState)
    i.SDMMC_GetResponse                      0x08003490   Section        0  stm32l4xx_ll_sdmmc.o(i.SDMMC_GetResponse)
    i.SDMMC_Init                             0x08003498   Section        0  stm32l4xx_ll_sdmmc.o(i.SDMMC_Init)
    i.SDMMC_PowerState_ON                    0x080034b8   Section        0  stm32l4xx_ll_sdmmc.o(i.SDMMC_PowerState_ON)
    i.SDMMC_ReadFIFO                         0x080034cc   Section        0  stm32l4xx_ll_sdmmc.o(i.SDMMC_ReadFIFO)
    i.SDMMC_SendCommand                      0x080034d4   Section        0  stm32l4xx_ll_sdmmc.o(i.SDMMC_SendCommand)
    i.SDMMC_WriteFIFO                        0x080034f8   Section        0  stm32l4xx_ll_sdmmc.o(i.SDMMC_WriteFIFO)
    i.SD_CheckStatus                         0x08003504   Section        0  sd_diskio.o(i.SD_CheckStatus)
    SD_CheckStatus                           0x08003505   Thumb Code    26  sd_diskio.o(i.SD_CheckStatus)
    i.SD_FindSCR                             0x08003524   Section        0  stm32l4xx_hal_sd.o(i.SD_FindSCR)
    SD_FindSCR                               0x08003525   Thumb Code   222  stm32l4xx_hal_sd.o(i.SD_FindSCR)
    i.SD_InitCard                            0x0800360e   Section        0  stm32l4xx_hal_sd.o(i.SD_InitCard)
    SD_InitCard                              0x0800360f   Thumb Code   212  stm32l4xx_hal_sd.o(i.SD_InitCard)
    i.SD_PowerON                             0x080036e4   Section        0  stm32l4xx_hal_sd.o(i.SD_PowerON)
    SD_PowerON                               0x080036e5   Thumb Code   336  stm32l4xx_hal_sd.o(i.SD_PowerON)
    i.SD_SendSDStatus                        0x08003840   Section        0  stm32l4xx_hal_sd.o(i.SD_SendSDStatus)
    SD_SendSDStatus                          0x08003841   Thumb Code   226  stm32l4xx_hal_sd.o(i.SD_SendSDStatus)
    i.SD_initialize                          0x08003928   Section        0  sd_diskio.o(i.SD_initialize)
    i.SD_ioctl                               0x08003948   Section        0  sd_diskio.o(i.SD_ioctl)
    i.SD_read                                0x08003998   Section        0  sd_diskio.o(i.SD_read)
    i.SD_status                              0x080039be   Section        0  sd_diskio.o(i.SD_status)
    i.SD_write                               0x080039c4   Section        0  sd_diskio.o(i.SD_write)
    i.SVC_Handler                            0x080039ea   Section        0  stm32l4xx_it.o(i.SVC_Handler)
    i.SysTick_Handler                        0x080039ec   Section        0  stm32l4xx_it.o(i.SysTick_Handler)
    i.SystemClock_Config                     0x080039f0   Section        0  main.o(i.SystemClock_Config)
    i.SystemInit                             0x08003a84   Section        0  system_stm32l4xx.o(i.SystemInit)
    i.UARTEx_SetNbDataToProcess              0x08003ac0   Section        0  stm32l4xx_hal_uart_ex.o(i.UARTEx_SetNbDataToProcess)
    UARTEx_SetNbDataToProcess                0x08003ac1   Thumb Code    62  stm32l4xx_hal_uart_ex.o(i.UARTEx_SetNbDataToProcess)
    i.UART_AdvFeatureConfig                  0x08003b04   Section        0  stm32l4xx_hal_uart.o(i.UART_AdvFeatureConfig)
    i.UART_CheckIdleState                    0x08003bcc   Section        0  stm32l4xx_hal_uart.o(i.UART_CheckIdleState)
    i.UART_DMAAbortOnError                   0x08003c2c   Section        0  stm32l4xx_hal_uart.o(i.UART_DMAAbortOnError)
    UART_DMAAbortOnError                     0x08003c2d   Thumb Code    18  stm32l4xx_hal_uart.o(i.UART_DMAAbortOnError)
    i.UART_EndRxTransfer                     0x08003c40   Section        0  stm32l4xx_hal_uart.o(i.UART_EndRxTransfer)
    UART_EndRxTransfer                       0x08003c41   Thumb Code    50  stm32l4xx_hal_uart.o(i.UART_EndRxTransfer)
    i.UART_InitCallbacksToDefault            0x08003c78   Section        0  stm32l4xx_hal_uart.o(i.UART_InitCallbacksToDefault)
    i.UART_SetConfig                         0x08003cdc   Section        0  stm32l4xx_hal_uart.o(i.UART_SetConfig)
    i.UART_WaitOnFlagUntilTimeout            0x08003f78   Section        0  stm32l4xx_hal_uart.o(i.UART_WaitOnFlagUntilTimeout)
    i.USART1_IRQHandler                      0x0800401c   Section        0  stm32l4xx_it.o(i.USART1_IRQHandler)
    i.UsageFault_Handler                     0x08004028   Section        0  stm32l4xx_it.o(i.UsageFault_Handler)
    i.__NVIC_SetPriority                     0x0800402a   Section        0  stm32l4xx_hal_cortex.o(i.__NVIC_SetPriority)
    __NVIC_SetPriority                       0x0800402b   Thumb Code    32  stm32l4xx_hal_cortex.o(i.__NVIC_SetPriority)
    i.__scatterload_copy                     0x0800404a   Section       14  handlers.o(i.__scatterload_copy)
    i.__scatterload_null                     0x08004058   Section        2  handlers.o(i.__scatterload_null)
    i.__scatterload_zeroinit                 0x0800405a   Section       14  handlers.o(i.__scatterload_zeroinit)
    i.main                                   0x08004068   Section        0  main.o(i.main)
    .constdata                               0x08004084   Section       20  sd_diskio.o(.constdata)
    .constdata                               0x08004098   Section       24  stm32l4xx_hal_uart.o(.constdata)
    .constdata                               0x080040b0   Section       16  stm32l4xx_hal_uart_ex.o(.constdata)
    numerator                                0x080040b0   Data           8  stm32l4xx_hal_uart_ex.o(.constdata)
    denominator                              0x080040b8   Data           8  stm32l4xx_hal_uart_ex.o(.constdata)
    .constdata                               0x080040c0   Section       64  system_stm32l4xx.o(.constdata)
    .constdata                               0x08004100   Section        8  system_stm32l4xx.o(.constdata)
    .data                                    0x20000000   Section        1  sd_diskio.o(.data)
    Stat                                     0x20000000   Data           1  sd_diskio.o(.data)
    .data                                    0x20000001   Section        5  fatfs.o(.data)
    .data                                    0x20000008   Section       12  stm32l4xx_hal.o(.data)
    .data                                    0x20000014   Section        4  system_stm32l4xx.o(.data)
    .bss                                     0x20000018   Section      172  sdmmc.o(.bss)
    .bss                                     0x200000c4   Section      200  usart.o(.bss)
    .bss                                     0x2000018c   Section       12  ff_gen_drv.o(.bss)
    STACK                                    0x20000198   Section     1024  startup_stm32l4s5xx.o(STACK)

    Global Symbols

    Symbol Name                              Value     Ov Type        Size  Object(Section)

    BuildAttributes$$THM_ISAv4$E$P$D$K$B$S$7EM$VFPi3$EXTD16$VFPS$VFMA$PE$A:L22UL41UL21$X:L11$S22US41US21$IEEE1$IW$USESV6$~STKCKD$USESV7$~SHL$OSPACE$EBA8$MICROLIB$REQ8$PRES8$EABIv2 0x00000000   Number         0  anon$$obj.o ABSOLUTE
    __ARM_use_no_argv                        0x00000000   Number         0  main.o ABSOLUTE
    __arm_fini_                               - Undefined Weak Reference
    __cpp_initialize__aeabi_                  - Undefined Weak Reference
    __cxa_finalize                            - Undefined Weak Reference
    __decompress                              - Undefined Weak Reference
    _clock_init                               - Undefined Weak Reference
    _microlib_exit                            - Undefined Weak Reference
    __Vectors_Size                           0x000001bc   Number         0  startup_stm32l4s5xx.o ABSOLUTE
    __Vectors                                0x08000000   Data           4  startup_stm32l4s5xx.o(RESET)
    __Vectors_End                            0x080001bc   Data           0  startup_stm32l4s5xx.o(RESET)
    __main                                   0x080001bd   Thumb Code     0  entry.o(.ARM.Collect$$$$00000000)
    _main_stk                                0x080001bd   Thumb Code     0  entry2.o(.ARM.Collect$$$$00000001)
    _main_scatterload                        0x080001c1   Thumb Code     0  entry5.o(.ARM.Collect$$$$00000004)
    __main_after_scatterload                 0x080001c5   Thumb Code     0  entry5.o(.ARM.Collect$$$$00000004)
    _main_clock                              0x080001c5   Thumb Code     0  entry7b.o(.ARM.Collect$$$$00000008)
    _main_cpp_init                           0x080001c5   Thumb Code     0  entry8b.o(.ARM.Collect$$$$0000000A)
    _main_init                               0x080001c5   Thumb Code     0  entry9a.o(.ARM.Collect$$$$0000000B)
    __rt_lib_shutdown_fini                   0x080001cd   Thumb Code     0  entry12b.o(.ARM.Collect$$$$0000000E)
    __rt_final_cpp                           0x080001d1   Thumb Code     0  entry10a.o(.ARM.Collect$$$$0000000F)
    __rt_final_exit                          0x080001d1   Thumb Code     0  entry11a.o(.ARM.Collect$$$$00000011)
    Reset_Handler                            0x080001d5   Thumb Code     8  startup_stm32l4s5xx.o(.text)
    ADC1_IRQHandler                          0x080001ef   Thumb Code     0  startup_stm32l4s5xx.o(.text)
    AES_IRQHandler                           0x080001ef   Thumb Code     0  startup_stm32l4s5xx.o(.text)
    CAN1_RX0_IRQHandler                      0x080001ef   Thumb Code     0  startup_stm32l4s5xx.o(.text)
    CAN1_RX1_IRQHandler                      0x080001ef   Thumb Code     0  startup_stm32l4s5xx.o(.text)
    CAN1_SCE_IRQHandler                      0x080001ef   Thumb Code     0  startup_stm32l4s5xx.o(.text)
    CAN1_TX_IRQHandler                       0x080001ef   Thumb Code     0  startup_stm32l4s5xx.o(.text)
    COMP_IRQHandler                          0x080001ef   Thumb Code     0  startup_stm32l4s5xx.o(.text)
    DCMI_IRQHandler                          0x080001ef   Thumb Code     0  startup_stm32l4s5xx.o(.text)
    DFSDM1_FLT0_IRQHandler                   0x080001ef   Thumb Code     0  startup_stm32l4s5xx.o(.text)
    DFSDM1_FLT1_IRQHandler                   0x080001ef   Thumb Code     0  startup_stm32l4s5xx.o(.text)
    DFSDM1_FLT2_IRQHandler                   0x080001ef   Thumb Code     0  startup_stm32l4s5xx.o(.text)
    DFSDM1_FLT3_IRQHandler                   0x080001ef   Thumb Code     0  startup_stm32l4s5xx.o(.text)
    DMA1_Channel1_IRQHandler                 0x080001ef   Thumb Code     0  startup_stm32l4s5xx.o(.text)
    DMA1_Channel2_IRQHandler                 0x080001ef   Thumb Code     0  startup_stm32l4s5xx.o(.text)
    DMA1_Channel3_IRQHandler                 0x080001ef   Thumb Code     0  startup_stm32l4s5xx.o(.text)
    DMA1_Channel4_IRQHandler                 0x080001ef   Thumb Code     0  startup_stm32l4s5xx.o(.text)
    DMA1_Channel5_IRQHandler                 0x080001ef   Thumb Code     0  startup_stm32l4s5xx.o(.text)
    DMA1_Channel6_IRQHandler                 0x080001ef   Thumb Code     0  startup_stm32l4s5xx.o(.text)
    DMA1_Channel7_IRQHandler                 0x080001ef   Thumb Code     0  startup_stm32l4s5xx.o(.text)
    DMA2D_IRQHandler                         0x080001ef   Thumb Code     0  startup_stm32l4s5xx.o(.text)
    DMA2_Channel1_IRQHandler                 0x080001ef   Thumb Code     0  startup_stm32l4s5xx.o(.text)
    DMA2_Channel2_IRQHandler                 0x080001ef   Thumb Code     0  startup_stm32l4s5xx.o(.text)
    DMA2_Channel3_IRQHandler                 0x080001ef   Thumb Code     0  startup_stm32l4s5xx.o(.text)
    DMA2_Channel4_IRQHandler                 0x080001ef   Thumb Code     0  startup_stm32l4s5xx.o(.text)
    DMA2_Channel5_IRQHandler                 0x080001ef   Thumb Code     0  startup_stm32l4s5xx.o(.text)
    DMA2_Channel6_IRQHandler                 0x080001ef   Thumb Code     0  startup_stm32l4s5xx.o(.text)
    DMA2_Channel7_IRQHandler                 0x080001ef   Thumb Code     0  startup_stm32l4s5xx.o(.text)
    DMAMUX1_OVR_IRQHandler                   0x080001ef   Thumb Code     0  startup_stm32l4s5xx.o(.text)
    EXTI0_IRQHandler                         0x080001ef   Thumb Code     0  startup_stm32l4s5xx.o(.text)
    EXTI15_10_IRQHandler                     0x080001ef   Thumb Code     0  startup_stm32l4s5xx.o(.text)
    EXTI1_IRQHandler                         0x080001ef   Thumb Code     0  startup_stm32l4s5xx.o(.text)
    EXTI2_IRQHandler                         0x080001ef   Thumb Code     0  startup_stm32l4s5xx.o(.text)
    EXTI3_IRQHandler                         0x080001ef   Thumb Code     0  startup_stm32l4s5xx.o(.text)
    EXTI4_IRQHandler                         0x080001ef   Thumb Code     0  startup_stm32l4s5xx.o(.text)
    EXTI9_5_IRQHandler                       0x080001ef   Thumb Code     0  startup_stm32l4s5xx.o(.text)
    FLASH_IRQHandler                         0x080001ef   Thumb Code     0  startup_stm32l4s5xx.o(.text)
    FMC_IRQHandler                           0x080001ef   Thumb Code     0  startup_stm32l4s5xx.o(.text)
    FPU_IRQHandler                           0x080001ef   Thumb Code     0  startup_stm32l4s5xx.o(.text)
    GFXMMU_IRQHandler                        0x080001ef   Thumb Code     0  startup_stm32l4s5xx.o(.text)
    HASH_CRS_IRQHandler                      0x080001ef   Thumb Code     0  startup_stm32l4s5xx.o(.text)
    I2C1_ER_IRQHandler                       0x080001ef   Thumb Code     0  startup_stm32l4s5xx.o(.text)
    I2C1_EV_IRQHandler                       0x080001ef   Thumb Code     0  startup_stm32l4s5xx.o(.text)
    I2C2_ER_IRQHandler                       0x080001ef   Thumb Code     0  startup_stm32l4s5xx.o(.text)
    I2C2_EV_IRQHandler                       0x080001ef   Thumb Code     0  startup_stm32l4s5xx.o(.text)
    I2C3_ER_IRQHandler                       0x080001ef   Thumb Code     0  startup_stm32l4s5xx.o(.text)
    I2C3_EV_IRQHandler                       0x080001ef   Thumb Code     0  startup_stm32l4s5xx.o(.text)
    I2C4_ER_IRQHandler                       0x080001ef   Thumb Code     0  startup_stm32l4s5xx.o(.text)
    I2C4_EV_IRQHandler                       0x080001ef   Thumb Code     0  startup_stm32l4s5xx.o(.text)
    LPTIM1_IRQHandler                        0x080001ef   Thumb Code     0  startup_stm32l4s5xx.o(.text)
    LPTIM2_IRQHandler                        0x080001ef   Thumb Code     0  startup_stm32l4s5xx.o(.text)
    LPUART1_IRQHandler                       0x080001ef   Thumb Code     0  startup_stm32l4s5xx.o(.text)
    LTDC_ER_IRQHandler                       0x080001ef   Thumb Code     0  startup_stm32l4s5xx.o(.text)
    LTDC_IRQHandler                          0x080001ef   Thumb Code     0  startup_stm32l4s5xx.o(.text)
    OCTOSPI1_IRQHandler                      0x080001ef   Thumb Code     0  startup_stm32l4s5xx.o(.text)
    OCTOSPI2_IRQHandler                      0x080001ef   Thumb Code     0  startup_stm32l4s5xx.o(.text)
    OTG_FS_IRQHandler                        0x080001ef   Thumb Code     0  startup_stm32l4s5xx.o(.text)
    PVD_PVM_IRQHandler                       0x080001ef   Thumb Code     0  startup_stm32l4s5xx.o(.text)
    RCC_IRQHandler                           0x080001ef   Thumb Code     0  startup_stm32l4s5xx.o(.text)
    RNG_IRQHandler                           0x080001ef   Thumb Code     0  startup_stm32l4s5xx.o(.text)
    RTC_Alarm_IRQHandler                     0x080001ef   Thumb Code     0  startup_stm32l4s5xx.o(.text)
    RTC_WKUP_IRQHandler                      0x080001ef   Thumb Code     0  startup_stm32l4s5xx.o(.text)
    SAI1_IRQHandler                          0x080001ef   Thumb Code     0  startup_stm32l4s5xx.o(.text)
    SAI2_IRQHandler                          0x080001ef   Thumb Code     0  startup_stm32l4s5xx.o(.text)
    SDMMC1_IRQHandler                        0x080001ef   Thumb Code     0  startup_stm32l4s5xx.o(.text)
    SPI1_IRQHandler                          0x080001ef   Thumb Code     0  startup_stm32l4s5xx.o(.text)
    SPI2_IRQHandler                          0x080001ef   Thumb Code     0  startup_stm32l4s5xx.o(.text)
    SPI3_IRQHandler                          0x080001ef   Thumb Code     0  startup_stm32l4s5xx.o(.text)
    TAMP_STAMP_IRQHandler                    0x080001ef   Thumb Code     0  startup_stm32l4s5xx.o(.text)
    TIM1_BRK_TIM15_IRQHandler                0x080001ef   Thumb Code     0  startup_stm32l4s5xx.o(.text)
    TIM1_CC_IRQHandler                       0x080001ef   Thumb Code     0  startup_stm32l4s5xx.o(.text)
    TIM1_TRG_COM_TIM17_IRQHandler            0x080001ef   Thumb Code     0  startup_stm32l4s5xx.o(.text)
    TIM1_UP_TIM16_IRQHandler                 0x080001ef   Thumb Code     0  startup_stm32l4s5xx.o(.text)
    TIM2_IRQHandler                          0x080001ef   Thumb Code     0  startup_stm32l4s5xx.o(.text)
    TIM3_IRQHandler                          0x080001ef   Thumb Code     0  startup_stm32l4s5xx.o(.text)
    TIM4_IRQHandler                          0x080001ef   Thumb Code     0  startup_stm32l4s5xx.o(.text)
    TIM5_IRQHandler                          0x080001ef   Thumb Code     0  startup_stm32l4s5xx.o(.text)
    TIM6_DAC_IRQHandler                      0x080001ef   Thumb Code     0  startup_stm32l4s5xx.o(.text)
    TIM7_IRQHandler                          0x080001ef   Thumb Code     0  startup_stm32l4s5xx.o(.text)
    TIM8_BRK_IRQHandler                      0x080001ef   Thumb Code     0  startup_stm32l4s5xx.o(.text)
    TIM8_CC_IRQHandler                       0x080001ef   Thumb Code     0  startup_stm32l4s5xx.o(.text)
    TIM8_TRG_COM_IRQHandler                  0x080001ef   Thumb Code     0  startup_stm32l4s5xx.o(.text)
    TIM8_UP_IRQHandler                       0x080001ef   Thumb Code     0  startup_stm32l4s5xx.o(.text)
    TSC_IRQHandler                           0x080001ef   Thumb Code     0  startup_stm32l4s5xx.o(.text)
    UART4_IRQHandler                         0x080001ef   Thumb Code     0  startup_stm32l4s5xx.o(.text)
    UART5_IRQHandler                         0x080001ef   Thumb Code     0  startup_stm32l4s5xx.o(.text)
    USART2_IRQHandler                        0x080001ef   Thumb Code     0  startup_stm32l4s5xx.o(.text)
    USART3_IRQHandler                        0x080001ef   Thumb Code     0  startup_stm32l4s5xx.o(.text)
    WWDG_IRQHandler                          0x080001ef   Thumb Code     0  startup_stm32l4s5xx.o(.text)
    __aeabi_uldivmod                         0x080001f9   Thumb Code    98  uldiv.o(.text)
    __aeabi_memset                           0x08000261   Thumb Code    14  memseta.o(.text)
    __aeabi_memset4                          0x08000261   Thumb Code     0  memseta.o(.text)
    __aeabi_memset8                          0x08000261   Thumb Code     0  memseta.o(.text)
    __aeabi_memclr                           0x0800026f   Thumb Code     4  memseta.o(.text)
    __aeabi_memclr4                          0x0800026f   Thumb Code     0  memseta.o(.text)
    __aeabi_memclr8                          0x0800026f   Thumb Code     0  memseta.o(.text)
    _memset$wrapper                          0x08000273   Thumb Code    18  memseta.o(.text)
    __aeabi_llsl                             0x08000285   Thumb Code    30  llshl.o(.text)
    _ll_shift_l                              0x08000285   Thumb Code     0  llshl.o(.text)
    __aeabi_llsr                             0x080002a3   Thumb Code    32  llushr.o(.text)
    _ll_ushift_r                             0x080002a3   Thumb Code     0  llushr.o(.text)
    __scatterload                            0x080002c5   Thumb Code    28  init.o(.text)
    __scatterload_rt2                        0x080002c5   Thumb Code     0  init.o(.text)
    BSP_PlatformIsDetected                   0x080002e9   Thumb Code    20  fatfs_platform.o(i.BSP_PlatformIsDetected)
    BSP_SD_AbortCallback                     0x08000301   Thumb Code     2  bsp_driver_sd.o(i.BSP_SD_AbortCallback)
    BSP_SD_GetCardInfo                       0x08000305   Thumb Code     8  bsp_driver_sd.o(i.BSP_SD_GetCardInfo)
    BSP_SD_GetCardState                      0x08000311   Thumb Code    20  bsp_driver_sd.o(i.BSP_SD_GetCardState)
    BSP_SD_Init                              0x08000329   Thumb Code    42  bsp_driver_sd.o(i.BSP_SD_Init)
    BSP_SD_IsDetected                        0x08000359   Thumb Code    26  bsp_driver_sd.o(i.BSP_SD_IsDetected)
    BSP_SD_ReadBlocks                        0x08000375   Thumb Code    26  bsp_driver_sd.o(i.BSP_SD_ReadBlocks)
    BSP_SD_ReadCpltCallback                  0x08000395   Thumb Code     2  bsp_driver_sd.o(i.BSP_SD_ReadCpltCallback)
    BSP_SD_WriteBlocks                       0x08000399   Thumb Code    26  bsp_driver_sd.o(i.BSP_SD_WriteBlocks)
    BSP_SD_WriteCpltCallback                 0x080003b9   Thumb Code     2  bsp_driver_sd.o(i.BSP_SD_WriteCpltCallback)
    BusFault_Handler                         0x080003bb   Thumb Code     2  stm32l4xx_it.o(i.BusFault_Handler)
    DebugMon_Handler                         0x080003bd   Thumb Code     2  stm32l4xx_it.o(i.DebugMon_Handler)
    Error_Handler                            0x080003bf   Thumb Code     4  main.o(i.Error_Handler)
    FATFS_LinkDriver                         0x080003c3   Thumb Code     6  ff_gen_drv.o(i.FATFS_LinkDriver)
    FATFS_LinkDriverEx                       0x080003c9   Thumb Code    58  ff_gen_drv.o(i.FATFS_LinkDriverEx)
    HAL_DMA_Abort                            0x08000409   Thumb Code   108  stm32l4xx_hal_dma.o(i.HAL_DMA_Abort)
    HAL_DMA_Abort_IT                         0x08000475   Thumb Code   112  stm32l4xx_hal_dma.o(i.HAL_DMA_Abort_IT)
    HAL_Delay                                0x080004e5   Thumb Code    32  stm32l4xx_hal.o(i.HAL_Delay)
    HAL_GPIO_Init                            0x08000509   Thumb Code   442  stm32l4xx_hal_gpio.o(i.HAL_GPIO_Init)
    HAL_GPIO_ReadPin                         0x080006f3   Thumb Code    10  stm32l4xx_hal_gpio.o(i.HAL_GPIO_ReadPin)
    HAL_GetTick                              0x080006fd   Thumb Code     6  stm32l4xx_hal.o(i.HAL_GetTick)
    HAL_IncTick                              0x08000709   Thumb Code    12  stm32l4xx_hal.o(i.HAL_IncTick)
    HAL_Init                                 0x08000719   Thumb Code    30  stm32l4xx_hal.o(i.HAL_Init)
    HAL_InitTick                             0x08000739   Thumb Code    58  stm32l4xx_hal.o(i.HAL_InitTick)
    HAL_MspInit                              0x0800077d   Thumb Code    38  stm32l4xx_hal_msp.o(i.HAL_MspInit)
    HAL_NVIC_EnableIRQ                       0x080007a9   Thumb Code    26  stm32l4xx_hal_cortex.o(i.HAL_NVIC_EnableIRQ)
    HAL_NVIC_SetPriority                     0x080007c5   Thumb Code    60  stm32l4xx_hal_cortex.o(i.HAL_NVIC_SetPriority)
    HAL_NVIC_SetPriorityGrouping             0x08000805   Thumb Code    26  stm32l4xx_hal_cortex.o(i.HAL_NVIC_SetPriorityGrouping)
    HAL_PWREx_ControlVoltageScaling          0x08000829   Thumb Code   174  stm32l4xx_hal_pwr_ex.o(i.HAL_PWREx_ControlVoltageScaling)
    HAL_PWREx_GetVoltageRange                0x080008e5   Thumb Code    36  stm32l4xx_hal_pwr_ex.o(i.HAL_PWREx_GetVoltageRange)
    HAL_RCCEx_GetPeriphCLKFreq               0x0800090d   Thumb Code  1070  stm32l4xx_hal_rcc_ex.o(i.HAL_RCCEx_GetPeriphCLKFreq)
    HAL_RCCEx_PeriphCLKConfig                0x08000d69   Thumb Code  1048  stm32l4xx_hal_rcc_ex.o(i.HAL_RCCEx_PeriphCLKConfig)
    HAL_RCC_ClockConfig                      0x08001189   Thumb Code   362  stm32l4xx_hal_rcc.o(i.HAL_RCC_ClockConfig)
    HAL_RCC_GetPCLK1Freq                     0x0800130d   Thumb Code    24  stm32l4xx_hal_rcc.o(i.HAL_RCC_GetPCLK1Freq)
    HAL_RCC_GetPCLK2Freq                     0x08001331   Thumb Code    24  stm32l4xx_hal_rcc.o(i.HAL_RCC_GetPCLK2Freq)
    HAL_RCC_GetSysClockFreq                  0x08001355   Thumb Code   148  stm32l4xx_hal_rcc.o(i.HAL_RCC_GetSysClockFreq)
    HAL_RCC_OscConfig                        0x080013f9   Thumb Code  1390  stm32l4xx_hal_rcc.o(i.HAL_RCC_OscConfig)
    HAL_SDEx_DriveTransceiver_1_8V_Callback  0x08001971   Thumb Code     2  stm32l4xx_hal_sd_ex.o(i.HAL_SDEx_DriveTransceiver_1_8V_Callback)
    HAL_SDEx_Read_DMADoubleBuffer0CpltCallback 0x08001973   Thumb Code     2  stm32l4xx_hal_sd_ex.o(i.HAL_SDEx_Read_DMADoubleBuffer0CpltCallback)
    HAL_SDEx_Read_DMADoubleBuffer1CpltCallback 0x08001975   Thumb Code     2  stm32l4xx_hal_sd_ex.o(i.HAL_SDEx_Read_DMADoubleBuffer1CpltCallback)
    HAL_SDEx_Write_DMADoubleBuffer0CpltCallback 0x08001977   Thumb Code     2  stm32l4xx_hal_sd_ex.o(i.HAL_SDEx_Write_DMADoubleBuffer0CpltCallback)
    HAL_SDEx_Write_DMADoubleBuffer1CpltCallback 0x08001979   Thumb Code     2  stm32l4xx_hal_sd_ex.o(i.HAL_SDEx_Write_DMADoubleBuffer1CpltCallback)
    HAL_SD_AbortCallback                     0x0800197b   Thumb Code     8  bsp_driver_sd.o(i.HAL_SD_AbortCallback)
    HAL_SD_ConfigWideBusOperation            0x08001985   Thumb Code   382  stm32l4xx_hal_sd.o(i.HAL_SD_ConfigWideBusOperation)
    HAL_SD_ErrorCallback                     0x08001b17   Thumb Code     2  stm32l4xx_hal_sd.o(i.HAL_SD_ErrorCallback)
    HAL_SD_GetCardCSD                        0x08001b19   Thumb Code   402  stm32l4xx_hal_sd.o(i.HAL_SD_GetCardCSD)
    HAL_SD_GetCardInfo                       0x08001cb1   Thumb Code    36  stm32l4xx_hal_sd.o(i.HAL_SD_GetCardInfo)
    HAL_SD_GetCardState                      0x08001cd5   Thumb Code    44  stm32l4xx_hal_sd.o(i.HAL_SD_GetCardState)
    HAL_SD_GetCardStatus                     0x08001d01   Thumb Code   184  stm32l4xx_hal_sd.o(i.HAL_SD_GetCardStatus)
    HAL_SD_Init                              0x08001dbd   Thumb Code   224  stm32l4xx_hal_sd.o(i.HAL_SD_Init)
    HAL_SD_InitCard                          0x08001ec5   Thumb Code   178  stm32l4xx_hal_sd.o(i.HAL_SD_InitCard)
    HAL_SD_MspInit                           0x08001f8d   Thumb Code   170  sdmmc.o(i.HAL_SD_MspInit)
    HAL_SD_ReadBlocks                        0x0800204d   Thumb Code   410  stm32l4xx_hal_sd.o(i.HAL_SD_ReadBlocks)
    HAL_SD_RxCpltCallback                    0x080021f7   Thumb Code     8  bsp_driver_sd.o(i.HAL_SD_RxCpltCallback)
    HAL_SD_TxCpltCallback                    0x080021ff   Thumb Code     8  bsp_driver_sd.o(i.HAL_SD_TxCpltCallback)
    HAL_SD_WriteBlocks                       0x08002209   Thumb Code   436  stm32l4xx_hal_sd.o(i.HAL_SD_WriteBlocks)
    HAL_SYSTICK_Config                       0x080023cb   Thumb Code    40  stm32l4xx_hal_cortex.o(i.HAL_SYSTICK_Config)
    HAL_UARTEx_DisableFifoMode               0x080023f3   Thumb Code    62  stm32l4xx_hal_uart_ex.o(i.HAL_UARTEx_DisableFifoMode)
    HAL_UARTEx_RxEventCallback               0x08002431   Thumb Code     2  stm32l4xx_hal_uart.o(i.HAL_UARTEx_RxEventCallback)
    HAL_UARTEx_RxFifoFullCallback            0x08002433   Thumb Code     2  stm32l4xx_hal_uart_ex.o(i.HAL_UARTEx_RxFifoFullCallback)
    HAL_UARTEx_SetRxFifoThreshold            0x08002435   Thumb Code    76  stm32l4xx_hal_uart_ex.o(i.HAL_UARTEx_SetRxFifoThreshold)
    HAL_UARTEx_SetTxFifoThreshold            0x08002481   Thumb Code    76  stm32l4xx_hal_uart_ex.o(i.HAL_UARTEx_SetTxFifoThreshold)
    HAL_UARTEx_TxFifoEmptyCallback           0x080024cd   Thumb Code     2  stm32l4xx_hal_uart_ex.o(i.HAL_UARTEx_TxFifoEmptyCallback)
    HAL_UARTEx_WakeupCallback                0x080024cf   Thumb Code     2  stm32l4xx_hal_uart_ex.o(i.HAL_UARTEx_WakeupCallback)
    HAL_UART_AbortCpltCallback               0x080024d1   Thumb Code     2  stm32l4xx_hal_uart.o(i.HAL_UART_AbortCpltCallback)
    HAL_UART_AbortReceiveCpltCallback        0x080024d3   Thumb Code     2  stm32l4xx_hal_uart.o(i.HAL_UART_AbortReceiveCpltCallback)
    HAL_UART_AbortTransmitCpltCallback       0x080024d5   Thumb Code     2  stm32l4xx_hal_uart.o(i.HAL_UART_AbortTransmitCpltCallback)
    HAL_UART_ErrorCallback                   0x080024d7   Thumb Code     2  stm32l4xx_hal_uart.o(i.HAL_UART_ErrorCallback)
    HAL_UART_IRQHandler                      0x080024d9   Thumb Code   622  stm32l4xx_hal_uart.o(i.HAL_UART_IRQHandler)
    HAL_UART_Init                            0x08002755   Thumb Code   124  stm32l4xx_hal_uart.o(i.HAL_UART_Init)
    HAL_UART_MspInit                         0x080027d5   Thumb Code   108  usart.o(i.HAL_UART_MspInit)
    HAL_UART_RxCpltCallback                  0x08002849   Thumb Code     2  stm32l4xx_hal_uart.o(i.HAL_UART_RxCpltCallback)
    HAL_UART_RxHalfCpltCallback              0x0800284b   Thumb Code     2  stm32l4xx_hal_uart.o(i.HAL_UART_RxHalfCpltCallback)
    HAL_UART_TxCpltCallback                  0x0800284d   Thumb Code     2  stm32l4xx_hal_uart.o(i.HAL_UART_TxCpltCallback)
    HAL_UART_TxHalfCpltCallback              0x0800284f   Thumb Code     2  stm32l4xx_hal_uart.o(i.HAL_UART_TxHalfCpltCallback)
    HardFault_Handler                        0x08002851   Thumb Code     2  stm32l4xx_it.o(i.HardFault_Handler)
    MX_FATFS_Init                            0x08002855   Thumb Code    18  fatfs.o(i.MX_FATFS_Init)
    MX_GPIO_Init                             0x08002871   Thumb Code   116  gpio.o(i.MX_GPIO_Init)
    MX_SDMMC1_SD_Init                        0x080028ed   Thumb Code    30  sdmmc.o(i.MX_SDMMC1_SD_Init)
    MX_USART1_UART_Init                      0x08002915   Thumb Code    94  usart.o(i.MX_USART1_UART_Init)
    MemManage_Handler                        0x0800297d   Thumb Code     2  stm32l4xx_it.o(i.MemManage_Handler)
    NMI_Handler                              0x0800297f   Thumb Code     2  stm32l4xx_it.o(i.NMI_Handler)
    PendSV_Handler                           0x08002981   Thumb Code     2  stm32l4xx_it.o(i.PendSV_Handler)
    SDMMC_CmdAppCommand                      0x08002dc9   Thumb Code    52  stm32l4xx_ll_sdmmc.o(i.SDMMC_CmdAppCommand)
    SDMMC_CmdAppOperCommand                  0x08002dfd   Thumb Code    46  stm32l4xx_ll_sdmmc.o(i.SDMMC_CmdAppOperCommand)
    SDMMC_CmdBlockLength                     0x08002e2b   Thumb Code    50  stm32l4xx_ll_sdmmc.o(i.SDMMC_CmdBlockLength)
    SDMMC_CmdBusWidth                        0x08002e5d   Thumb Code    52  stm32l4xx_ll_sdmmc.o(i.SDMMC_CmdBusWidth)
    SDMMC_CmdGoIdleState                     0x08002e91   Thumb Code    74  stm32l4xx_ll_sdmmc.o(i.SDMMC_CmdGoIdleState)
    SDMMC_CmdOperCond                        0x08002ee5   Thumb Code    48  stm32l4xx_ll_sdmmc.o(i.SDMMC_CmdOperCond)
    SDMMC_CmdReadMultiBlock                  0x08002f15   Thumb Code    52  stm32l4xx_ll_sdmmc.o(i.SDMMC_CmdReadMultiBlock)
    SDMMC_CmdReadSingleBlock                 0x08002f49   Thumb Code    52  stm32l4xx_ll_sdmmc.o(i.SDMMC_CmdReadSingleBlock)
    SDMMC_CmdSelDesel                        0x08002f7d   Thumb Code    52  stm32l4xx_ll_sdmmc.o(i.SDMMC_CmdSelDesel)
    SDMMC_CmdSendCID                         0x08002fb1   Thumb Code    46  stm32l4xx_ll_sdmmc.o(i.SDMMC_CmdSendCID)
    SDMMC_CmdSendCSD                         0x08002fdf   Thumb Code    46  stm32l4xx_ll_sdmmc.o(i.SDMMC_CmdSendCSD)
    SDMMC_CmdSendSCR                         0x0800300d   Thumb Code    50  stm32l4xx_ll_sdmmc.o(i.SDMMC_CmdSendSCR)
    SDMMC_CmdSendStatus                      0x0800303f   Thumb Code    52  stm32l4xx_ll_sdmmc.o(i.SDMMC_CmdSendStatus)
    SDMMC_CmdSetRelAdd                       0x08003073   Thumb Code    50  stm32l4xx_ll_sdmmc.o(i.SDMMC_CmdSetRelAdd)
    SDMMC_CmdStatusRegister                  0x080030a5   Thumb Code    50  stm32l4xx_ll_sdmmc.o(i.SDMMC_CmdStatusRegister)
    SDMMC_CmdStopTransfer                    0x080030d9   Thumb Code    72  stm32l4xx_ll_sdmmc.o(i.SDMMC_CmdStopTransfer)
    SDMMC_CmdVoltageSwitch                   0x08003125   Thumb Code    50  stm32l4xx_ll_sdmmc.o(i.SDMMC_CmdVoltageSwitch)
    SDMMC_CmdWriteMultiBlock                 0x08003157   Thumb Code    52  stm32l4xx_ll_sdmmc.o(i.SDMMC_CmdWriteMultiBlock)
    SDMMC_CmdWriteSingleBlock                0x0800318b   Thumb Code    52  stm32l4xx_ll_sdmmc.o(i.SDMMC_CmdWriteSingleBlock)
    SDMMC_ConfigData                         0x080031bf   Thumb Code    36  stm32l4xx_ll_sdmmc.o(i.SDMMC_ConfigData)
    SDMMC_GetCmdResp1                        0x080031e5   Thumb Code   280  stm32l4xx_ll_sdmmc.o(i.SDMMC_GetCmdResp1)
    SDMMC_GetCmdResp2                        0x08003309   Thumb Code    76  stm32l4xx_ll_sdmmc.o(i.SDMMC_GetCmdResp2)
    SDMMC_GetCmdResp3                        0x0800335d   Thumb Code    62  stm32l4xx_ll_sdmmc.o(i.SDMMC_GetCmdResp3)
    SDMMC_GetCmdResp6                        0x080033a5   Thumb Code   130  stm32l4xx_ll_sdmmc.o(i.SDMMC_GetCmdResp6)
    SDMMC_GetCmdResp7                        0x08003431   Thumb Code    82  stm32l4xx_ll_sdmmc.o(i.SDMMC_GetCmdResp7)
    SDMMC_GetPowerState                      0x08003489   Thumb Code     8  stm32l4xx_ll_sdmmc.o(i.SDMMC_GetPowerState)
    SDMMC_GetResponse                        0x08003491   Thumb Code     6  stm32l4xx_ll_sdmmc.o(i.SDMMC_GetResponse)
    SDMMC_Init                               0x08003499   Thumb Code    28  stm32l4xx_ll_sdmmc.o(i.SDMMC_Init)
    SDMMC_PowerState_ON                      0x080034b9   Thumb Code    20  stm32l4xx_ll_sdmmc.o(i.SDMMC_PowerState_ON)
    SDMMC_ReadFIFO                           0x080034cd   Thumb Code     6  stm32l4xx_ll_sdmmc.o(i.SDMMC_ReadFIFO)
    SDMMC_SendCommand                        0x080034d5   Thumb Code    32  stm32l4xx_ll_sdmmc.o(i.SDMMC_SendCommand)
    SDMMC_WriteFIFO                          0x080034f9   Thumb Code    10  stm32l4xx_ll_sdmmc.o(i.SDMMC_WriteFIFO)
    SD_initialize                            0x08003929   Thumb Code    28  sd_diskio.o(i.SD_initialize)
    SD_ioctl                                 0x08003949   Thumb Code    76  sd_diskio.o(i.SD_ioctl)
    SD_read                                  0x08003999   Thumb Code    38  sd_diskio.o(i.SD_read)
    SD_status                                0x080039bf   Thumb Code     4  sd_diskio.o(i.SD_status)
    SD_write                                 0x080039c5   Thumb Code    38  sd_diskio.o(i.SD_write)
    SVC_Handler                              0x080039eb   Thumb Code     2  stm32l4xx_it.o(i.SVC_Handler)
    SysTick_Handler                          0x080039ed   Thumb Code     4  stm32l4xx_it.o(i.SysTick_Handler)
    SystemClock_Config                       0x080039f1   Thumb Code   144  main.o(i.SystemClock_Config)
    SystemInit                               0x08003a85   Thumb Code    48  system_stm32l4xx.o(i.SystemInit)
    UART_AdvFeatureConfig                    0x08003b05   Thumb Code   200  stm32l4xx_hal_uart.o(i.UART_AdvFeatureConfig)
    UART_CheckIdleState                      0x08003bcd   Thumb Code    96  stm32l4xx_hal_uart.o(i.UART_CheckIdleState)
    UART_InitCallbacksToDefault              0x08003c79   Thumb Code    52  stm32l4xx_hal_uart.o(i.UART_InitCallbacksToDefault)
    UART_SetConfig                           0x08003cdd   Thumb Code   618  stm32l4xx_hal_uart.o(i.UART_SetConfig)
    UART_WaitOnFlagUntilTimeout              0x08003f79   Thumb Code   164  stm32l4xx_hal_uart.o(i.UART_WaitOnFlagUntilTimeout)
    USART1_IRQHandler                        0x0800401d   Thumb Code     6  stm32l4xx_it.o(i.USART1_IRQHandler)
    UsageFault_Handler                       0x08004029   Thumb Code     2  stm32l4xx_it.o(i.UsageFault_Handler)
    __scatterload_copy                       0x0800404b   Thumb Code    14  handlers.o(i.__scatterload_copy)
    __scatterload_null                       0x08004059   Thumb Code     2  handlers.o(i.__scatterload_null)
    __scatterload_zeroinit                   0x0800405b   Thumb Code    14  handlers.o(i.__scatterload_zeroinit)
    main                                     0x08004069   Thumb Code    26  main.o(i.main)
    SD_Driver                                0x08004084   Data          20  sd_diskio.o(.constdata)
    UARTPrescTable                           0x08004098   Data          24  stm32l4xx_hal_uart.o(.constdata)
    AHBPrescTable                            0x080040c0   Data          16  system_stm32l4xx.o(.constdata)
    MSIRangeTable                            0x080040d0   Data          48  system_stm32l4xx.o(.constdata)
    APBPrescTable                            0x08004100   Data           8  system_stm32l4xx.o(.constdata)
    Region$$Table$$Base                      0x08004108   Number         0  anon$$obj.o(Region$$Table)
    Region$$Table$$Limit                     0x08004128   Number         0  anon$$obj.o(Region$$Table)
    retSD                                    0x20000001   Data           1  fatfs.o(.data)
    SDPath                                   0x20000002   Data           4  fatfs.o(.data)
    uwTickFreq                               0x20000008   Data           1  stm32l4xx_hal.o(.data)
    uwTickPrio                               0x2000000c   Data           4  stm32l4xx_hal.o(.data)
    uwTick                                   0x20000010   Data           4  stm32l4xx_hal.o(.data)
    SystemCoreClock                          0x20000014   Data           4  system_stm32l4xx.o(.data)
    hsd1                                     0x20000018   Data         172  sdmmc.o(.bss)
    huart1                                   0x200000c4   Data         200  usart.o(.bss)
    disk                                     0x2000018c   Data          12  ff_gen_drv.o(.bss)
    __initial_sp                             0x20000598   Data           0  startup_stm32l4s5xx.o(STACK)



==============================================================================

Memory Map of the image

  Image Entry point : 0x080001bd

  Load Region LR_IROM1 (Base: 0x08000000, Size: 0x00004140, Max: 0x00200000, ABSOLUTE)

    Execution Region ER_IROM1 (Exec base: 0x08000000, Load base: 0x08000000, Size: 0x00004128, Max: 0x00200000, ABSOLUTE)

    Exec Addr    Load Addr    Size         Type   Attr      Idx    E Section Name        Object

    0x08000000   0x08000000   0x000001bc   Data   RO            3    RESET               startup_stm32l4s5xx.o
    0x080001bc   0x080001bc   0x00000000   Code   RO         4473  * .ARM.Collect$$$$00000000  mc_w.l(entry.o)
    0x080001bc   0x080001bc   0x00000004   Code   RO         4480    .ARM.Collect$$$$00000001  mc_w.l(entry2.o)
    0x080001c0   0x080001c0   0x00000004   Code   RO         4483    .ARM.Collect$$$$00000004  mc_w.l(entry5.o)
    0x080001c4   0x080001c4   0x00000000   Code   RO         4485    .ARM.Collect$$$$00000008  mc_w.l(entry7b.o)
    0x080001c4   0x080001c4   0x00000000   Code   RO         4487    .ARM.Collect$$$$0000000A  mc_w.l(entry8b.o)
    0x080001c4   0x080001c4   0x00000008   Code   RO         4488    .ARM.Collect$$$$0000000B  mc_w.l(entry9a.o)
    0x080001cc   0x080001cc   0x00000004   Code   RO         4495    .ARM.Collect$$$$0000000E  mc_w.l(entry12b.o)
    0x080001d0   0x080001d0   0x00000000   Code   RO         4490    .ARM.Collect$$$$0000000F  mc_w.l(entry10a.o)
    0x080001d0   0x080001d0   0x00000000   Code   RO         4492    .ARM.Collect$$$$00000011  mc_w.l(entry11a.o)
    0x080001d0   0x080001d0   0x00000004   Code   RO         4481    .ARM.Collect$$$$00002712  mc_w.l(entry2.o)
    0x080001d4   0x080001d4   0x00000024   Code   RO            4    .text               startup_stm32l4s5xx.o
    0x080001f8   0x080001f8   0x00000068   Code   RO         4476    .text               mc_w.l(uldiv.o)
    0x08000260   0x08000260   0x00000024   Code   RO         4478    .text               mc_w.l(memseta.o)
    0x08000284   0x08000284   0x0000001e   Code   RO         4496    .text               mc_w.l(llshl.o)
    0x080002a2   0x080002a2   0x00000020   Code   RO         4498    .text               mc_w.l(llushr.o)
    0x080002c2   0x080002c2   0x00000002   PAD
    0x080002c4   0x080002c4   0x00000024   Code   RO         4500    .text               mc_w.l(init.o)
    0x080002e8   0x080002e8   0x00000018   Code   RO          592    i.BSP_PlatformIsDetected  fatfs_platform.o
    0x08000300   0x08000300   0x00000002   Code   RO          417    i.BSP_SD_AbortCallback  bsp_driver_sd.o
    0x08000302   0x08000302   0x00000002   PAD
    0x08000304   0x08000304   0x0000000c   Code   RO          419    i.BSP_SD_GetCardInfo  bsp_driver_sd.o
    0x08000310   0x08000310   0x00000018   Code   RO          420    i.BSP_SD_GetCardState  bsp_driver_sd.o
    0x08000328   0x08000328   0x00000030   Code   RO          422    i.BSP_SD_Init       bsp_driver_sd.o
    0x08000358   0x08000358   0x0000001a   Code   RO          423    i.BSP_SD_IsDetected  bsp_driver_sd.o
    0x08000372   0x08000372   0x00000002   PAD
    0x08000374   0x08000374   0x00000020   Code   RO          424    i.BSP_SD_ReadBlocks  bsp_driver_sd.o
    0x08000394   0x08000394   0x00000002   Code   RO          426    i.BSP_SD_ReadCpltCallback  bsp_driver_sd.o
    0x08000396   0x08000396   0x00000002   PAD
    0x08000398   0x08000398   0x00000020   Code   RO          427    i.BSP_SD_WriteBlocks  bsp_driver_sd.o
    0x080003b8   0x080003b8   0x00000002   Code   RO          429    i.BSP_SD_WriteCpltCallback  bsp_driver_sd.o
    0x080003ba   0x080003ba   0x00000002   Code   RO          311    i.BusFault_Handler  stm32l4xx_it.o
    0x080003bc   0x080003bc   0x00000002   Code   RO          312    i.DebugMon_Handler  stm32l4xx_it.o
    0x080003be   0x080003be   0x00000004   Code   RO           13    i.Error_Handler     main.o
    0x080003c2   0x080003c2   0x00000006   Code   RO         4402    i.FATFS_LinkDriver  ff_gen_drv.o
    0x080003c8   0x080003c8   0x00000040   Code   RO         4403    i.FATFS_LinkDriverEx  ff_gen_drv.o
    0x08000408   0x08000408   0x0000006c   Code   RO         2010    i.HAL_DMA_Abort     stm32l4xx_hal_dma.o
    0x08000474   0x08000474   0x00000070   Code   RO         2011    i.HAL_DMA_Abort_IT  stm32l4xx_hal_dma.o
    0x080004e4   0x080004e4   0x00000024   Code   RO          661    i.HAL_Delay         stm32l4xx_hal.o
    0x08000508   0x08000508   0x000001ea   Code   RO         1944    i.HAL_GPIO_Init     stm32l4xx_hal_gpio.o
    0x080006f2   0x080006f2   0x0000000a   Code   RO         1946    i.HAL_GPIO_ReadPin  stm32l4xx_hal_gpio.o
    0x080006fc   0x080006fc   0x0000000c   Code   RO          665    i.HAL_GetTick       stm32l4xx_hal.o
    0x08000708   0x08000708   0x00000010   Code   RO          671    i.HAL_IncTick       stm32l4xx_hal.o
    0x08000718   0x08000718   0x0000001e   Code   RO          672    i.HAL_Init          stm32l4xx_hal.o
    0x08000736   0x08000736   0x00000002   PAD
    0x08000738   0x08000738   0x00000044   Code   RO          673    i.HAL_InitTick      stm32l4xx_hal.o
    0x0800077c   0x0800077c   0x0000002c   Code   RO          393    i.HAL_MspInit       stm32l4xx_hal_msp.o
    0x080007a8   0x080007a8   0x0000001a   Code   RO         2555    i.HAL_NVIC_EnableIRQ  stm32l4xx_hal_cortex.o
    0x080007c2   0x080007c2   0x00000002   PAD
    0x080007c4   0x080007c4   0x00000040   Code   RO         2561    i.HAL_NVIC_SetPriority  stm32l4xx_hal_cortex.o
    0x08000804   0x08000804   0x00000024   Code   RO         2562    i.HAL_NVIC_SetPriorityGrouping  stm32l4xx_hal_cortex.o
    0x08000828   0x08000828   0x000000bc   Code   RO         2275    i.HAL_PWREx_ControlVoltageScaling  stm32l4xx_hal_pwr_ex.o
    0x080008e4   0x080008e4   0x00000028   Code   RO         2310    i.HAL_PWREx_GetVoltageRange  stm32l4xx_hal_pwr_ex.o
    0x0800090c   0x0800090c   0x0000045c   Code   RO         1531    i.HAL_RCCEx_GetPeriphCLKFreq  stm32l4xx_hal_rcc_ex.o
    0x08000d68   0x08000d68   0x0000041e   Code   RO         1535    i.HAL_RCCEx_PeriphCLKConfig  stm32l4xx_hal_rcc_ex.o
    0x08001186   0x08001186   0x00000002   PAD
    0x08001188   0x08001188   0x00000184   Code   RO         1405    i.HAL_RCC_ClockConfig  stm32l4xx_hal_rcc.o
    0x0800130c   0x0800130c   0x00000024   Code   RO         1411    i.HAL_RCC_GetPCLK1Freq  stm32l4xx_hal_rcc.o
    0x08001330   0x08001330   0x00000024   Code   RO         1412    i.HAL_RCC_GetPCLK2Freq  stm32l4xx_hal_rcc.o
    0x08001354   0x08001354   0x000000a4   Code   RO         1413    i.HAL_RCC_GetSysClockFreq  stm32l4xx_hal_rcc.o
    0x080013f8   0x080013f8   0x00000578   Code   RO         1416    i.HAL_RCC_OscConfig  stm32l4xx_hal_rcc.o
    0x08001970   0x08001970   0x00000002   Code   RO         3303    i.HAL_SDEx_DriveTransceiver_1_8V_Callback  stm32l4xx_hal_sd_ex.o
    0x08001972   0x08001972   0x00000002   Code   RO         3306    i.HAL_SDEx_Read_DMADoubleBuffer0CpltCallback  stm32l4xx_hal_sd_ex.o
    0x08001974   0x08001974   0x00000002   Code   RO         3307    i.HAL_SDEx_Read_DMADoubleBuffer1CpltCallback  stm32l4xx_hal_sd_ex.o
    0x08001976   0x08001976   0x00000002   Code   RO         3309    i.HAL_SDEx_Write_DMADoubleBuffer0CpltCallback  stm32l4xx_hal_sd_ex.o
    0x08001978   0x08001978   0x00000002   Code   RO         3310    i.HAL_SDEx_Write_DMADoubleBuffer1CpltCallback  stm32l4xx_hal_sd_ex.o
    0x0800197a   0x0800197a   0x00000008   Code   RO          430    i.HAL_SD_AbortCallback  bsp_driver_sd.o
    0x08001982   0x08001982   0x00000002   PAD
    0x08001984   0x08001984   0x00000192   Code   RO         3059    i.HAL_SD_ConfigWideBusOperation  stm32l4xx_hal_sd.o
    0x08001b16   0x08001b16   0x00000002   Code   RO         3062    i.HAL_SD_ErrorCallback  stm32l4xx_hal_sd.o
    0x08001b18   0x08001b18   0x00000198   Code   RO         3064    i.HAL_SD_GetCardCSD  stm32l4xx_hal_sd.o
    0x08001cb0   0x08001cb0   0x00000024   Code   RO         3065    i.HAL_SD_GetCardInfo  stm32l4xx_hal_sd.o
    0x08001cd4   0x08001cd4   0x0000002c   Code   RO         3066    i.HAL_SD_GetCardState  stm32l4xx_hal_sd.o
    0x08001d00   0x08001d00   0x000000bc   Code   RO         3067    i.HAL_SD_GetCardStatus  stm32l4xx_hal_sd.o
    0x08001dbc   0x08001dbc   0x00000108   Code   RO         3071    i.HAL_SD_Init       stm32l4xx_hal_sd.o
    0x08001ec4   0x08001ec4   0x000000c6   Code   RO         3072    i.HAL_SD_InitCard   stm32l4xx_hal_sd.o
    0x08001f8a   0x08001f8a   0x00000002   PAD
    0x08001f8c   0x08001f8c   0x000000c0   Code   RO          228    i.HAL_SD_MspInit    sdmmc.o
    0x0800204c   0x0800204c   0x000001aa   Code   RO         3075    i.HAL_SD_ReadBlocks  stm32l4xx_hal_sd.o
    0x080021f6   0x080021f6   0x00000008   Code   RO          431    i.HAL_SD_RxCpltCallback  bsp_driver_sd.o
    0x080021fe   0x080021fe   0x00000008   Code   RO          432    i.HAL_SD_TxCpltCallback  bsp_driver_sd.o
    0x08002206   0x08002206   0x00000002   PAD
    0x08002208   0x08002208   0x000001c2   Code   RO         3084    i.HAL_SD_WriteBlocks  stm32l4xx_hal_sd.o
    0x080023ca   0x080023ca   0x00000028   Code   RO         2566    i.HAL_SYSTICK_Config  stm32l4xx_hal_cortex.o
    0x080023f2   0x080023f2   0x0000003e   Code   RO         3865    i.HAL_UARTEx_DisableFifoMode  stm32l4xx_hal_uart_ex.o
    0x08002430   0x08002430   0x00000002   Code   RO         3424    i.HAL_UARTEx_RxEventCallback  stm32l4xx_hal_uart.o
    0x08002432   0x08002432   0x00000002   Code   RO         3872    i.HAL_UARTEx_RxFifoFullCallback  stm32l4xx_hal_uart_ex.o
    0x08002434   0x08002434   0x0000004c   Code   RO         3873    i.HAL_UARTEx_SetRxFifoThreshold  stm32l4xx_hal_uart_ex.o
    0x08002480   0x08002480   0x0000004c   Code   RO         3874    i.HAL_UARTEx_SetTxFifoThreshold  stm32l4xx_hal_uart_ex.o
    0x080024cc   0x080024cc   0x00000002   Code   RO         3876    i.HAL_UARTEx_TxFifoEmptyCallback  stm32l4xx_hal_uart_ex.o
    0x080024ce   0x080024ce   0x00000002   Code   RO         3877    i.HAL_UARTEx_WakeupCallback  stm32l4xx_hal_uart_ex.o
    0x080024d0   0x080024d0   0x00000002   Code   RO         3426    i.HAL_UART_AbortCpltCallback  stm32l4xx_hal_uart.o
    0x080024d2   0x080024d2   0x00000002   Code   RO         3428    i.HAL_UART_AbortReceiveCpltCallback  stm32l4xx_hal_uart.o
    0x080024d4   0x080024d4   0x00000002   Code   RO         3431    i.HAL_UART_AbortTransmitCpltCallback  stm32l4xx_hal_uart.o
    0x080024d6   0x080024d6   0x00000002   Code   RO         3440    i.HAL_UART_ErrorCallback  stm32l4xx_hal_uart.o
    0x080024d8   0x080024d8   0x0000027c   Code   RO         3443    i.HAL_UART_IRQHandler  stm32l4xx_hal_uart.o
    0x08002754   0x08002754   0x00000080   Code   RO         3444    i.HAL_UART_Init     stm32l4xx_hal_uart.o
    0x080027d4   0x080027d4   0x00000074   Code   RO          270    i.HAL_UART_MspInit  usart.o
    0x08002848   0x08002848   0x00000002   Code   RO         3453    i.HAL_UART_RxCpltCallback  stm32l4xx_hal_uart.o
    0x0800284a   0x0800284a   0x00000002   Code   RO         3454    i.HAL_UART_RxHalfCpltCallback  stm32l4xx_hal_uart.o
    0x0800284c   0x0800284c   0x00000002   Code   RO         3458    i.HAL_UART_TxCpltCallback  stm32l4xx_hal_uart.o
    0x0800284e   0x0800284e   0x00000002   Code   RO         3459    i.HAL_UART_TxHalfCpltCallback  stm32l4xx_hal_uart.o
    0x08002850   0x08002850   0x00000002   Code   RO          313    i.HardFault_Handler  stm32l4xx_it.o
    0x08002852   0x08002852   0x00000002   PAD
    0x08002854   0x08002854   0x0000001c   Code   RO          616    i.MX_FATFS_Init     fatfs.o
    0x08002870   0x08002870   0x0000007c   Code   RO          203    i.MX_GPIO_Init      gpio.o
    0x080028ec   0x080028ec   0x00000028   Code   RO          229    i.MX_SDMMC1_SD_Init  sdmmc.o
    0x08002914   0x08002914   0x00000068   Code   RO          271    i.MX_USART1_UART_Init  usart.o
    0x0800297c   0x0800297c   0x00000002   Code   RO          314    i.MemManage_Handler  stm32l4xx_it.o
    0x0800297e   0x0800297e   0x00000002   Code   RO          315    i.NMI_Handler       stm32l4xx_it.o
    0x08002980   0x08002980   0x00000002   Code   RO          316    i.PendSV_Handler    stm32l4xx_it.o
    0x08002982   0x08002982   0x00000002   PAD
    0x08002984   0x08002984   0x0000010c   Code   RO         1538    i.RCCEx_GetSAIxPeriphCLKFreq  stm32l4xx_hal_rcc_ex.o
    0x08002a90   0x08002a90   0x00000128   Code   RO         1539    i.RCCEx_PLLSAI1_Config  stm32l4xx_hal_rcc_ex.o
    0x08002bb8   0x08002bb8   0x00000128   Code   RO         1540    i.RCCEx_PLLSAI2_Config  stm32l4xx_hal_rcc_ex.o
    0x08002ce0   0x08002ce0   0x00000074   Code   RO         1417    i.RCC_GetSysClockFreqFromPLLSource  stm32l4xx_hal_rcc.o
    0x08002d54   0x08002d54   0x00000074   Code   RO         1418    i.RCC_SetFlashLatencyFromMSIRange  stm32l4xx_hal_rcc.o
    0x08002dc8   0x08002dc8   0x00000034   Code   RO         2757    i.SDMMC_CmdAppCommand  stm32l4xx_ll_sdmmc.o
    0x08002dfc   0x08002dfc   0x0000002e   Code   RO         2758    i.SDMMC_CmdAppOperCommand  stm32l4xx_ll_sdmmc.o
    0x08002e2a   0x08002e2a   0x00000032   Code   RO         2759    i.SDMMC_CmdBlockLength  stm32l4xx_ll_sdmmc.o
    0x08002e5c   0x08002e5c   0x00000034   Code   RO         2760    i.SDMMC_CmdBusWidth  stm32l4xx_ll_sdmmc.o
    0x08002e90   0x08002e90   0x00000054   Code   RO         2764    i.SDMMC_CmdGoIdleState  stm32l4xx_ll_sdmmc.o
    0x08002ee4   0x08002ee4   0x00000030   Code   RO         2766    i.SDMMC_CmdOperCond  stm32l4xx_ll_sdmmc.o
    0x08002f14   0x08002f14   0x00000034   Code   RO         2767    i.SDMMC_CmdReadMultiBlock  stm32l4xx_ll_sdmmc.o
    0x08002f48   0x08002f48   0x00000034   Code   RO         2768    i.SDMMC_CmdReadSingleBlock  stm32l4xx_ll_sdmmc.o
    0x08002f7c   0x08002f7c   0x00000034   Code   RO         2771    i.SDMMC_CmdSelDesel  stm32l4xx_ll_sdmmc.o
    0x08002fb0   0x08002fb0   0x0000002e   Code   RO         2772    i.SDMMC_CmdSendCID  stm32l4xx_ll_sdmmc.o
    0x08002fde   0x08002fde   0x0000002e   Code   RO         2773    i.SDMMC_CmdSendCSD  stm32l4xx_ll_sdmmc.o
    0x0800300c   0x0800300c   0x00000032   Code   RO         2775    i.SDMMC_CmdSendSCR  stm32l4xx_ll_sdmmc.o
    0x0800303e   0x0800303e   0x00000034   Code   RO         2776    i.SDMMC_CmdSendStatus  stm32l4xx_ll_sdmmc.o
    0x08003072   0x08003072   0x00000032   Code   RO         2777    i.SDMMC_CmdSetRelAdd  stm32l4xx_ll_sdmmc.o
    0x080030a4   0x080030a4   0x00000032   Code   RO         2779    i.SDMMC_CmdStatusRegister  stm32l4xx_ll_sdmmc.o
    0x080030d6   0x080030d6   0x00000002   PAD
    0x080030d8   0x080030d8   0x0000004c   Code   RO         2780    i.SDMMC_CmdStopTransfer  stm32l4xx_ll_sdmmc.o
    0x08003124   0x08003124   0x00000032   Code   RO         2782    i.SDMMC_CmdVoltageSwitch  stm32l4xx_ll_sdmmc.o
    0x08003156   0x08003156   0x00000034   Code   RO         2783    i.SDMMC_CmdWriteMultiBlock  stm32l4xx_ll_sdmmc.o
    0x0800318a   0x0800318a   0x00000034   Code   RO         2784    i.SDMMC_CmdWriteSingleBlock  stm32l4xx_ll_sdmmc.o
    0x080031be   0x080031be   0x00000024   Code   RO         2785    i.SDMMC_ConfigData  stm32l4xx_ll_sdmmc.o
    0x080031e2   0x080031e2   0x00000002   PAD
    0x080031e4   0x080031e4   0x00000124   Code   RO         2786    i.SDMMC_GetCmdResp1  stm32l4xx_ll_sdmmc.o
    0x08003308   0x08003308   0x00000054   Code   RO         2787    i.SDMMC_GetCmdResp2  stm32l4xx_ll_sdmmc.o
    0x0800335c   0x0800335c   0x00000048   Code   RO         2788    i.SDMMC_GetCmdResp3  stm32l4xx_ll_sdmmc.o
    0x080033a4   0x080033a4   0x0000008c   Code   RO         2789    i.SDMMC_GetCmdResp6  stm32l4xx_ll_sdmmc.o
    0x08003430   0x08003430   0x00000058   Code   RO         2790    i.SDMMC_GetCmdResp7  stm32l4xx_ll_sdmmc.o
    0x08003488   0x08003488   0x00000008   Code   RO         2794    i.SDMMC_GetPowerState  stm32l4xx_ll_sdmmc.o
    0x08003490   0x08003490   0x00000006   Code   RO         2795    i.SDMMC_GetResponse  stm32l4xx_ll_sdmmc.o
    0x08003496   0x08003496   0x00000002   PAD
    0x08003498   0x08003498   0x00000020   Code   RO         2796    i.SDMMC_Init        stm32l4xx_ll_sdmmc.o
    0x080034b8   0x080034b8   0x00000014   Code   RO         2799    i.SDMMC_PowerState_ON  stm32l4xx_ll_sdmmc.o
    0x080034cc   0x080034cc   0x00000006   Code   RO         2800    i.SDMMC_ReadFIFO    stm32l4xx_ll_sdmmc.o
    0x080034d2   0x080034d2   0x00000002   PAD
    0x080034d4   0x080034d4   0x00000024   Code   RO         2801    i.SDMMC_SendCommand  stm32l4xx_ll_sdmmc.o
    0x080034f8   0x080034f8   0x0000000a   Code   RO         2803    i.SDMMC_WriteFIFO   stm32l4xx_ll_sdmmc.o
    0x08003502   0x08003502   0x00000002   PAD
    0x08003504   0x08003504   0x00000020   Code   RO          532    i.SD_CheckStatus    sd_diskio.o
    0x08003524   0x08003524   0x000000ea   Code   RO         3088    i.SD_FindSCR        stm32l4xx_hal_sd.o
    0x0800360e   0x0800360e   0x000000d4   Code   RO         3090    i.SD_InitCard       stm32l4xx_hal_sd.o
    0x080036e2   0x080036e2   0x00000002   PAD
    0x080036e4   0x080036e4   0x0000015a   Code   RO         3091    i.SD_PowerON        stm32l4xx_hal_sd.o
    0x0800383e   0x0800383e   0x00000002   PAD
    0x08003840   0x08003840   0x000000e8   Code   RO         3092    i.SD_SendSDStatus   stm32l4xx_hal_sd.o
    0x08003928   0x08003928   0x00000020   Code   RO          533    i.SD_initialize     sd_diskio.o
    0x08003948   0x08003948   0x00000050   Code   RO          534    i.SD_ioctl          sd_diskio.o
    0x08003998   0x08003998   0x00000026   Code   RO          535    i.SD_read           sd_diskio.o
    0x080039be   0x080039be   0x00000004   Code   RO          536    i.SD_status         sd_diskio.o
    0x080039c2   0x080039c2   0x00000002   PAD
    0x080039c4   0x080039c4   0x00000026   Code   RO          537    i.SD_write          sd_diskio.o
    0x080039ea   0x080039ea   0x00000002   Code   RO          317    i.SVC_Handler       stm32l4xx_it.o
    0x080039ec   0x080039ec   0x00000004   Code   RO          318    i.SysTick_Handler   stm32l4xx_it.o
    0x080039f0   0x080039f0   0x00000094   Code   RO           14    i.SystemClock_Config  main.o
    0x08003a84   0x08003a84   0x0000003c   Code   RO         3978    i.SystemInit        system_stm32l4xx.o
    0x08003ac0   0x08003ac0   0x00000044   Code   RO         3878    i.UARTEx_SetNbDataToProcess  stm32l4xx_hal_uart_ex.o
    0x08003b04   0x08003b04   0x000000c8   Code   RO         3462    i.UART_AdvFeatureConfig  stm32l4xx_hal_uart.o
    0x08003bcc   0x08003bcc   0x00000060   Code   RO         3463    i.UART_CheckIdleState  stm32l4xx_hal_uart.o
    0x08003c2c   0x08003c2c   0x00000012   Code   RO         3464    i.UART_DMAAbortOnError  stm32l4xx_hal_uart.o
    0x08003c3e   0x08003c3e   0x00000002   PAD
    0x08003c40   0x08003c40   0x00000038   Code   RO         3474    i.UART_EndRxTransfer  stm32l4xx_hal_uart.o
    0x08003c78   0x08003c78   0x00000064   Code   RO         3476    i.UART_InitCallbacksToDefault  stm32l4xx_hal_uart.o
    0x08003cdc   0x08003cdc   0x0000029c   Code   RO         3481    i.UART_SetConfig    stm32l4xx_hal_uart.o
    0x08003f78   0x08003f78   0x000000a4   Code   RO         3488    i.UART_WaitOnFlagUntilTimeout  stm32l4xx_hal_uart.o
    0x0800401c   0x0800401c   0x0000000c   Code   RO          319    i.USART1_IRQHandler  stm32l4xx_it.o
    0x08004028   0x08004028   0x00000002   Code   RO          320    i.UsageFault_Handler  stm32l4xx_it.o
    0x0800402a   0x0800402a   0x00000020   Code   RO         2568    i.__NVIC_SetPriority  stm32l4xx_hal_cortex.o
    0x0800404a   0x0800404a   0x0000000e   Code   RO         4504    i.__scatterload_copy  mc_w.l(handlers.o)
    0x08004058   0x08004058   0x00000002   Code   RO         4505    i.__scatterload_null  mc_w.l(handlers.o)
    0x0800405a   0x0800405a   0x0000000e   Code   RO         4506    i.__scatterload_zeroinit  mc_w.l(handlers.o)
    0x08004068   0x08004068   0x0000001a   Code   RO           15    i.main              main.o
    0x08004082   0x08004082   0x00000002   PAD
    0x08004084   0x08004084   0x00000014   Data   RO          538    .constdata          sd_diskio.o
    0x08004098   0x08004098   0x00000018   Data   RO         3489    .constdata          stm32l4xx_hal_uart.o
    0x080040b0   0x080040b0   0x00000010   Data   RO         3879    .constdata          stm32l4xx_hal_uart_ex.o
    0x080040c0   0x080040c0   0x00000040   Data   RO         3979    .constdata          system_stm32l4xx.o
    0x08004100   0x08004100   0x00000008   Data   RO         3980    .constdata          system_stm32l4xx.o
    0x08004108   0x08004108   0x00000020   Data   RO         4502    Region$$Table       anon$$obj.o


    Execution Region RW_IRAM1 (Exec base: 0x20000000, Load base: 0x08004128, Size: 0x00000598, Max: 0x000a0000, ABSOLUTE)

    Exec Addr    Load Addr    Size         Type   Attr      Idx    E Section Name        Object

    0x20000000   0x08004128   0x00000001   Data   RW          539    .data               sd_diskio.o
    0x20000001   0x08004129   0x00000005   Data   RW          620    .data               fatfs.o
    0x20000006   0x0800412e   0x00000002   PAD
    0x20000008   0x08004130   0x0000000c   Data   RW          689    .data               stm32l4xx_hal.o
    0x20000014   0x0800413c   0x00000004   Data   RW         3981    .data               system_stm32l4xx.o
    0x20000018        -       0x000000ac   Zero   RW          230    .bss                sdmmc.o
    0x200000c4        -       0x000000c8   Zero   RW          272    .bss                usart.o
    0x2000018c        -       0x0000000c   Zero   RW         4406    .bss                ff_gen_drv.o
    0x20000198        -       0x00000400   Zero   RW            1    STACK               startup_stm32l4s5xx.o


==============================================================================

Image component sizes


      Code (inc. data)   RO Data    RW Data    ZI Data      Debug   Object Name

       204         26          0          0          0       6788   bsp_driver_sd.o
        28         10          0          5          0        978   fatfs.o
        24          4          0          0          0        541   fatfs_platform.o
        70          6          0          0         12       1559   ff_gen_drv.o
       124          8          0          0          0        939   gpio.o
       178          4          0          0          0     926681   main.o
       224         14         20          1          0       4332   sd_diskio.o
       232         32          0          0        172       1640   sdmmc.o
        36          8        444          0       1024        812   startup_stm32l4s5xx.o
       162         24          0         12          0      16193   stm32l4xx_hal.o
       198         14          0          0          0      33695   stm32l4xx_hal_cortex.o
       220          0          0          0          0       1831   stm32l4xx_hal_dma.o
       500         42          0          0          0       2419   stm32l4xx_hal_gpio.o
        44          6          0          0          0        802   stm32l4xx_hal_msp.o
       228         18          0          0          0       1458   stm32l4xx_hal_pwr_ex.o
      2256        120          0          0          0       7636   stm32l4xx_hal_rcc.o
      3030         90          0          0          0       7169   stm32l4xx_hal_rcc_ex.o
      3442        112          0          0          0      15678   stm32l4xx_hal_sd.o
        10          0          0          0          0       2832   stm32l4xx_hal_sd_ex.o
      2084        142         24          0          0      33390   stm32l4xx_hal_uart.o
       288          6         16          0          0       5162   stm32l4xx_hal_uart_ex.o
        32          6          0          0          0       4394   stm32l4xx_it.o
      1842         68          0          0          0      24387   stm32l4xx_ll_sdmmc.o
        60         12         72          4          0       1133   system_stm32l4xx.o
       220         18          0          0        200       1658   usart.o

    ----------------------------------------------------------------------
     15778        790        608         24       1408    1104107   Object Totals
         0          0         32          0          0          0   (incl. Generated)
        42          0          0          2          0          0   (incl. Padding)

    ----------------------------------------------------------------------

      Code (inc. data)   RO Data    RW Data    ZI Data      Debug   Library Member Name

         0          0          0          0          0          0   entry.o
         0          0          0          0          0          0   entry10a.o
         0          0          0          0          0          0   entry11a.o
         4          0          0          0          0          0   entry12b.o
         8          4          0          0          0          0   entry2.o
         4          0          0          0          0          0   entry5.o
         0          0          0          0          0          0   entry7b.o
         0          0          0          0          0          0   entry8b.o
         8          4          0          0          0          0   entry9a.o
        30          0          0          0          0          0   handlers.o
        36          8          0          0          0         68   init.o
        30          0          0          0          0         68   llshl.o
        32          0          0          0          0         68   llushr.o
        36          0          0          0          0        108   memseta.o
       104          0          0          0          0         92   uldiv.o

    ----------------------------------------------------------------------
       294         16          0          0          0        404   Library Totals
         2          0          0          0          0          0   (incl. Padding)

    ----------------------------------------------------------------------

      Code (inc. data)   RO Data    RW Data    ZI Data      Debug   Library Name

       292         16          0          0          0        404   mc_w.l

    ----------------------------------------------------------------------
       294         16          0          0          0        404   Library Totals

    ----------------------------------------------------------------------

==============================================================================


      Code (inc. data)   RO Data    RW Data    ZI Data      Debug   

     16072        806        608         24       1408    1090811   Grand Totals
     16072        806        608         24       1408    1090811   ELF Image Totals
     16072        806        608         24          0          0   ROM Totals

==============================================================================

    Total RO  Size (Code + RO Data)                16680 (  16.29kB)
    Total RW  Size (RW Data + ZI Data)              1432 (   1.40kB)
    Total ROM Size (Code + RO Data + RW Data)      16704 (  16.31kB)

==============================================================================

